Component: Arm Compiler for Embedded 6.21 Tool: armlink [5ec1fa00]

==============================================================================

Section Cross References

    startup_stm32f407xx.o(STACK) refers (Special) to heapauxi.o(.text) for __use_two_region_memory
    startup_stm32f407xx.o(HEAP) refers (Special) to heapauxi.o(.text) for __use_two_region_memory
    startup_stm32f407xx.o(RESET) refers (Special) to heapauxi.o(.text) for __use_two_region_memory
    startup_stm32f407xx.o(RESET) refers to startup_stm32f407xx.o(STACK) for __initial_sp
    startup_stm32f407xx.o(RESET) refers to startup_stm32f407xx.o(.text) for Reset_Handler
    startup_stm32f407xx.o(RESET) refers to stm32f4xx_it.o(.text.NMI_Handler) for NMI_Handler
    startup_stm32f407xx.o(RESET) refers to stm32f4xx_it.o(.text.HardFault_Handler) for HardFault_Handler
    startup_stm32f407xx.o(RESET) refers to stm32f4xx_it.o(.text.MemManage_Handler) for MemManage_Handler
    startup_stm32f407xx.o(RESET) refers to stm32f4xx_it.o(.text.BusFault_Handler) for BusFault_Handler
    startup_stm32f407xx.o(RESET) refers to stm32f4xx_it.o(.text.UsageFault_Handler) for UsageFault_Handler
    startup_stm32f407xx.o(RESET) refers to stm32f4xx_it.o(.text.SVC_Handler) for SVC_Handler
    startup_stm32f407xx.o(RESET) refers to stm32f4xx_it.o(.text.DebugMon_Handler) for DebugMon_Handler
    startup_stm32f407xx.o(RESET) refers to stm32f4xx_it.o(.text.PendSV_Handler) for PendSV_Handler
    startup_stm32f407xx.o(RESET) refers to stm32f4xx_it.o(.text.SysTick_Handler) for SysTick_Handler
    startup_stm32f407xx.o(RESET) refers to usart.o(.text.USART1_IRQHandler) for USART1_IRQHandler
    startup_stm32f407xx.o(RESET) refers to btim.o(.text.TIM6_DAC_IRQHandler) for TIM6_DAC_IRQHandler
    startup_stm32f407xx.o(.text) refers (Special) to heapauxi.o(.text) for __use_two_region_memory
    startup_stm32f407xx.o(.text) refers to system_stm32f4xx.o(.text.SystemInit) for SystemInit
    startup_stm32f407xx.o(.text) refers to __main.o(!!!main) for __main
    startup_stm32f407xx.o(.text) refers to startup_stm32f407xx.o(HEAP) for Heap_Mem
    startup_stm32f407xx.o(.text) refers to startup_stm32f407xx.o(STACK) for Stack_Mem
    main.o(.text) refers (Special) to _printf_percent.o(.ARM.Collect$$_printf_percent$$00000000) for _printf_percent
    main.o(.text) refers (Special) to _printf_d.o(.ARM.Collect$$_printf_percent$$00000009) for _printf_d
    main.o(.text) refers (Special) to _printf_dec.o(.text) for _printf_int_dec
    main.o(.text.main) refers (Special) to _printf_percent.o(.ARM.Collect$$_printf_percent$$00000000) for _printf_percent
    main.o(.text.main) refers (Special) to _printf_d.o(.ARM.Collect$$_printf_percent$$00000009) for _printf_d
    main.o(.text.main) refers (Special) to _printf_dec.o(.text) for _printf_int_dec
    main.o(.text.main) refers to stm32f4xx_hal.o(.text.HAL_Init) for HAL_Init
    main.o(.text.main) refers to sys.o(.text.sys_stm32_clock_init) for sys_stm32_clock_init
    main.o(.text.main) refers to delay.o(.text.delay_init) for delay_init
    main.o(.text.main) refers to usart.o(.text.usart_init) for usart_init
    main.o(.text.main) refers to delay.o(.text.HAL_Delay) for HAL_Delay
    main.o(.text.main) refers to control.o(.text.control_init) for control_init
    main.o(.text.main) refers to control.o(.text.control_go_init) for control_go_init
    main.o(.text.main) refers to control.o(.text.gpio_stop_init) for gpio_stop_init
    main.o(.text.main) refers to myiic.o(.text.iic_init) for iic_init
    main.o(.text.main) refers to adc.o(.text.adc_init) for adc_init
    main.o(.text.main) refers to newiic.o(.text.User_I2C_Init) for User_I2C_Init
    main.o(.text.main) refers to control.o(.text.input_init) for input_init
    main.o(.text.main) refers to gtim.o(.text.gtim_timx_pwm_chy_init) for gtim_timx_pwm_chy_init
    main.o(.text.main) refers to gtim.o(.bss.g_timx_pwm_chy_handle) for g_timx_pwm_chy_handle
    main.o(.text.main) refers to btim.o(.text.btim_timx_int_init) for btim_timx_int_init
    main.o(.text.main) refers to stm32f4xx_hal_gpio.o(.text.HAL_GPIO_ReadPin) for HAL_GPIO_ReadPin
    main.o(.text.main) refers to control.o(.text.front) for front
    main.o(.text.main) refers to control.o(.text.un_stop) for un_stop
    main.o(.text.main) refers to adc.o(.bss.adcx) for adcx
    main.o(.text.main) refers to btim.o(.bss.temp5) for temp5
    main.o(.text.main) refers to btim.o(.bss.temp3) for temp3
    main.o(.text.main) refers to btim.o(.bss.temp4) for temp4
    main.o(.text.main) refers to btim.o(.bss.rollss) for rollss
    main.o(.text.main) refers to delay.o(.text.delay_ms) for delay_ms
    main.o(.text.main) refers to adc.o(.text.adc_get_result_average) for adc_get_result_average
    main.o(.text.main) refers to dflt_clz.o(x$fpl$dfltu) for __aeabi_ui2d
    main.o(.text.main) refers to dmul.o(x$fpl$dmul) for __aeabi_dmul
    main.o(.text.main) refers to d2f.o(x$fpl$d2f) for __aeabi_d2f
[...]
    ../fplib/usenofp.s                       0x00000000   Number         0  usenofp.o ABSOLUTE
    adc.c                                    0x00000000   Number         0  adc.o ABSOLUTE
    btim.c                                   0x00000000   Number         0  btim.o ABSOLUTE
    control.c                                0x00000000   Number         0  control.o ABSOLUTE
    dc.s                                     0x00000000   Number         0  dc.o ABSOLUTE
    delay.c                                  0x00000000   Number         0  delay.o ABSOLUTE
    gtim.c                                   0x00000000   Number         0  gtim.o ABSOLUTE
    led.c                                    0x00000000   Number         0  led.o ABSOLUTE
    main.c                                   0x00000000   Number         0  main.o ABSOLUTE
    myiic.c                                  0x00000000   Number         0  myiic.o ABSOLUTE
    newiic.c                                 0x00000000   Number         0  newiic.o ABSOLUTE
    stm32f4xx_hal.c                          0x00000000   Number         0  stm32f4xx_hal.o ABSOLUTE
    stm32f4xx_hal_adc.c                      0x00000000   Number         0  stm32f4xx_hal_adc.o ABSOLUTE
    stm32f4xx_hal_adc_ex.c                   0x00000000   Number         0  stm32f4xx_hal_adc_ex.o ABSOLUTE
    stm32f4xx_hal_cortex.c                   0x00000000   Number         0  stm32f4xx_hal_cortex.o ABSOLUTE
    stm32f4xx_hal_dac.c                      0x00000000   Number         0  stm32f4xx_hal_dac.o ABSOLUTE
    stm32f4xx_hal_dac_ex.c                   0x00000000   Number         0  stm32f4xx_hal_dac_ex.o ABSOLUTE
    stm32f4xx_hal_dma.c                      0x00000000   Number         0  stm32f4xx_hal_dma.o ABSOLUTE
    stm32f4xx_hal_dma_ex.c                   0x00000000   Number         0  stm32f4xx_hal_dma_ex.o ABSOLUTE
    stm32f4xx_hal_gpio.c                     0x00000000   Number         0  stm32f4xx_hal_gpio.o ABSOLUTE
    stm32f4xx_hal_i2c.c                      0x00000000   Number         0  stm32f4xx_hal_i2c.o ABSOLUTE
    stm32f4xx_hal_i2c_ex.c                   0x00000000   Number         0  stm32f4xx_hal_i2c_ex.o ABSOLUTE
    stm32f4xx_hal_pwr.c                      0x00000000   Number         0  stm32f4xx_hal_pwr.o ABSOLUTE
    stm32f4xx_hal_pwr_ex.c                   0x00000000   Number         0  stm32f4xx_hal_pwr_ex.o ABSOLUTE
    stm32f4xx_hal_rcc.c                      0x00000000   Number         0  stm32f4xx_hal_rcc.o ABSOLUTE
    stm32f4xx_hal_rcc_ex.c                   0x00000000   Number         0  stm32f4xx_hal_rcc_ex.o ABSOLUTE
    stm32f4xx_hal_sram.c                     0x00000000   Number         0  stm32f4xx_hal_sram.o ABSOLUTE
    stm32f4xx_hal_tim.c                      0x00000000   Number         0  stm32f4xx_hal_tim.o ABSOLUTE
    stm32f4xx_hal_tim_ex.c                   0x00000000   Number         0  stm32f4xx_hal_tim_ex.o ABSOLUTE
    stm32f4xx_hal_uart.c                     0x00000000   Number         0  stm32f4xx_hal_uart.o ABSOLUTE
    stm32f4xx_hal_usart.c                    0x00000000   Number         0  stm32f4xx_hal_usart.o ABSOLUTE
    stm32f4xx_it.c                           0x00000000   Number         0  stm32f4xx_it.o ABSOLUTE
    stm32f4xx_ll_fsmc.c                      0x00000000   Number         0  stm32f4xx_ll_fsmc.o ABSOLUTE
    sys.c                                    0x00000000   Number         0  sys.o ABSOLUTE
    system_stm32f4xx.c                       0x00000000   Number         0  system_stm32f4xx.o ABSOLUTE
    usart.c                                  0x00000000   Number         0  usart.o ABSOLUTE
    wt.c                                     0x00000000   Number         0  wt.o ABSOLUTE
    RESET                                    0x08000000   Section      392  startup_stm32f407xx.o(RESET)
    !!!main                                  0x08000188   Section        8  __main.o(!!!main)
    !!!scatter                               0x08000190   Section       92  __scatter.o(!!!scatter)
    !!handler_copy                           0x080001ec   Section       26  __scatter_copy.o(!!handler_copy)
    !!handler_null                           0x08000208   Section        2  __scatter.o(!!handler_null)
    !!handler_zi                             0x0800020c   Section       28  __scatter_zi.o(!!handler_zi)
    .ARM.Collect$$_printf_percent$$00000000  0x08000228   Section        0  _printf_percent.o(.ARM.Collect$$_printf_percent$$00000000)
    .ARM.Collect$$_printf_percent$$00000009  0x08000228   Section        6  _printf_d.o(.ARM.Collect$$_printf_percent$$00000009)
    .ARM.Collect$$_printf_percent$$00000017  0x0800022e   Section        4  _printf_percent_end.o(.ARM.Collect$$_printf_percent$$00000017)
    .ARM.Collect$$libinit$$00000000          0x08000232   Section        2  libinit.o(.ARM.Collect$$libinit$$00000000)
    .ARM.Collect$$libinit$$00000001          0x08000234   Section        4  libinit2.o(.ARM.Collect$$libinit$$00000001)
    .ARM.Collect$$libinit$$00000004          0x08000238   Section        0  libinit2.o(.ARM.Collect$$libinit$$00000004)
    .ARM.Collect$$libinit$$00000006          0x08000238   Section        0  libinit2.o(.ARM.Collect$$libinit$$00000006)
    .ARM.Collect$$libinit$$0000000C          0x08000238   Section        0  libinit2.o(.ARM.Collect$$libinit$$0000000C)
    .ARM.Collect$$libinit$$0000000E          0x08000238   Section        0  libinit2.o(.ARM.Collect$$libinit$$0000000E)
    .ARM.Collect$$libinit$$00000010          0x08000238   Section        0  libinit2.o(.ARM.Collect$$libinit$$00000010)
    .ARM.Collect$$libinit$$00000013          0x08000238   Section        0  libinit2.o(.ARM.Collect$$libinit$$00000013)
    .ARM.Collect$$libinit$$00000015          0x08000238   Section        0  libinit2.o(.ARM.Collect$$libinit$$00000015)
    .ARM.Collect$$libinit$$00000017          0x08000238   Section        0  libinit2.o(.ARM.Collect$$libinit$$00000017)
    .ARM.Collect$$libinit$$00000019          0x08000238   Section        0  libinit2.o(.ARM.Collect$$libinit$$00000019)
    .ARM.Collect$$libinit$$0000001B          0x08000238   Section        0  libinit2.o(.ARM.Collect$$libinit$$0000001B)
    .ARM.Collect$$libinit$$0000001D          0x08000238   Section        0  libinit2.o(.ARM.Collect$$libinit$$0000001D)
    .ARM.Collect$$libinit$$0000001F          0x08000238   Section        0  libinit2.o(.ARM.Collect$$libinit$$0000001F)
    .ARM.Collect$$libinit$$00000021          0x08000238   Section        0  libinit2.o(.ARM.Collect$$libinit$$00000021)
    .ARM.Collect$$libinit$$00000023          0x08000238   Section        0  libinit2.o(.ARM.Collect$$libinit$$00000023)
    .ARM.Collect$$libinit$$00000025          0x08000238   Section        0  libinit2.o(.ARM.Collect$$libinit$$00000025)
    .ARM.Collect$$libinit$$00000027          0x08000238   Section        0  libinit2.o(.ARM.Collect$$libinit$$00000027)
    .ARM.Collect$$libinit$$0000002E          0x08000238   Section        0  libinit2.o(.ARM.Collect$$libinit$$0000002E)
    .ARM.Collect$$libinit$$00000030          0x08000238   Section        0  libinit2.o(.ARM.Collect$$libinit$$00000030)
    .ARM.Collect$$libinit$$00000032          0x08000238   Section        0  libinit2.o(.ARM.Collect$$libinit$$00000032)
    .ARM.Collect$$libinit$$00000034          0x08000238   Section        0  libinit2.o(.ARM.Collect$$libinit$$00000034)
    .ARM.Collect$$libinit$$00000035          0x08000238   Section        2  libinit2.o(.ARM.Collect$$libinit$$00000035)
    .ARM.Collect$$libshutdown$$00000000      0x0800023a   Section        2  libshutdown.o(.ARM.Collect$$libshutdown$$00000000)
    .ARM.Collect$$libshutdown$$00000002      0x0800023c   Section        0  libshutdown2.o(.ARM.Collect$$libshutdown$$00000002)
    .ARM.Collect$$libshutdown$$00000004      0x0800023c   Section        0  libshutdown2.o(.ARM.Collect$$libshutdown$$00000004)
    .ARM.Collect$$libshutdown$$00000007      0x0800023c   Section        0  libshutdown2.o(.ARM.Collect$$libshutdown$$00000007)
    .ARM.Collect$$libshutdown$$0000000A      0x0800023c   Section        0  libshutdown2.o(.ARM.Collect$$libshutdown$$0000000A)
    .ARM.Collect$$libshutdown$$0000000C      0x0800023c   Section        0  libshutdown2.o(.ARM.Collect$$libshutdown$$0000000C)
    .ARM.Collect$$libshutdown$$0000000F      0x0800023c   Section        0  libshutdown2.o(.ARM.Collect$$libshutdown$$0000000F)
    .ARM.Collect$$libshutdown$$00000010      0x0800023c   Section        2  libshutdown2.o(.ARM.Collect$$libshutdown$$00000010)
    .ARM.Collect$$rtentry$$00000000          0x0800023e   Section        0  __rtentry.o(.ARM.Collect$$rtentry$$00000000)
    .ARM.Collect$$rtentry$$00000002          0x0800023e   Section        0  __rtentry2.o(.ARM.Collect$$rtentry$$00000002)
    .ARM.Collect$$rtentry$$00000004          0x0800023e   Section        6  __rtentry4.o(.ARM.Collect$$rtentry$$00000004)
    .ARM.Collect$$rtentry$$00000009          0x08000244   Section        0  __rtentry2.o(.ARM.Collect$$rtentry$$00000009)
    .ARM.Collect$$rtentry$$0000000A          0x08000244   Section        4  __rtentry2.o(.ARM.Collect$$rtentry$$0000000A)
    .ARM.Collect$$rtentry$$0000000C          0x08000248   Section        0  __rtentry2.o(.ARM.Collect$$rtentry$$0000000C)
    .ARM.Collect$$rtentry$$0000000D          0x08000248   Section        8  __rtentry2.o(.ARM.Collect$$rtentry$$0000000D)
    .ARM.Collect$$rtexit$$00000000           0x08000250   Section        2  rtexit.o(.ARM.Collect$$rtexit$$00000000)
    .ARM.Collect$$rtexit$$00000002           0x08000252   Section        0  rtexit2.o(.ARM.Collect$$rtexit$$00000002)
    .ARM.Collect$$rtexit$$00000003           0x08000252   Section        4  rtexit2.o(.ARM.Collect$$rtexit$$00000003)
    .ARM.Collect$$rtexit$$00000004           0x08000256   Section        6  rtexit2.o(.ARM.Collect$$rtexit$$00000004)
    $v0                                      0x0800025c   Number         0  startup_stm32f407xx.o(.text)
    .text                                    0x0800025c   Section       76  startup_stm32f407xx.o(.text)
    .text                                    0x080002a8   Section        2  use_no_semi_2.o(.text)
    .text                                    0x080002aa   Section      240  lludivv7m.o(.text)
    .text                                    0x0800039c   Section        0  noretval__2printf.o(.text)
    .text                                    0x080003b4   Section        0  __printf.o(.text)
    .text                                    0x0800041c   Section        0  _printf_dec.o(.text)
    .text                                    0x08000494   Section       78  rt_memclr_w.o(.text)
    .text                                    0x080004e2   Section        0  heapauxi.o(.text)
    .text                                    0x080004e8   Section        2  use_no_semi.o(.text)
    .text                                    0x080004ea   Section        0  _printf_intcommon.o(.text)
    .text                                    0x0800059c   Section        0  _printf_char_file.o(.text)
    _printf_input_char                       0x080005c1   Thumb Code    10  _printf_char_common.o(.text)
    .text                                    0x080005c0   Section        0  _printf_char_common.o(.text)
    .text                                    0x080005f0   Section        0  ferror.o(.text)
    .text                                    0x080005f8   Section       74  sys_stackheap_outer.o(.text)
    .text                                    0x08000642   Section        0  exit.o(.text)
    .text                                    0x08000654   Section        8  libspace.o(.text)
    [Anonymous Symbol]                       0x0800065c   Section        0  stm32f4xx_it.o(.text.BusFault_Handler)
    [Anonymous Symbol]                       0x08000660   Section        0  stm32f4xx_it.o(.text.DebugMon_Handler)
    [Anonymous Symbol]                       0x08000664   Section        0  stm32f4xx_hal_adc.o(.text.HAL_ADC_ConfigChannel)
    [Anonymous Symbol]                       0x0800076c   Section        0  stm32f4xx_hal_adc.o(.text.HAL_ADC_GetValue)
    [Anonymous Symbol]                       0x08000774   Section        0  stm32f4xx_hal_adc.o(.text.HAL_ADC_Init)
    [Anonymous Symbol]                       0x080008c0   Section        0  adc.o(.text.HAL_ADC_MspInit)
    [Anonymous Symbol]                       0x08000928   Section        0  stm32f4xx_hal_adc.o(.text.HAL_ADC_PollForConversion)
    [Anonymous Symbol]                       0x080009e8   Section        0  stm32f4xx_hal_adc.o(.text.HAL_ADC_Start)
    [Anonymous Symbol]                       0x08000b14   Section        0  stm32f4xx_hal_dma.o(.text.HAL_DMA_Abort)
    [Anonymous Symbol]                       0x08000ba0   Section        0  stm32f4xx_hal_dma.o(.text.HAL_DMA_Abort_IT)
    [Anonymous Symbol]                       0x08000bc4   Section        0  delay.o(.text.HAL_Delay)
    [Anonymous Symbol]                       0x08000c08   Section        0  stm32f4xx_hal_gpio.o(.text.HAL_GPIO_Init)
    [Anonymous Symbol]                       0x08000da0   Section        0  stm32f4xx_hal_gpio.o(.text.HAL_GPIO_ReadPin)
    [Anonymous Symbol]                       0x08000dac   Section        0  stm32f4xx_hal_gpio.o(.text.HAL_GPIO_WritePin)
    [Anonymous Symbol]                       0x08000db8   Section        0  stm32f4xx_hal.o(.text.HAL_GetREVID)
    [Anonymous Symbol]                       0x08000dc8   Section        0  stm32f4xx_hal.o(.text.HAL_GetTick)
    [Anonymous Symbol]                       0x08000dd4   Section        0  stm32f4xx_hal.o(.text.HAL_IncTick)
    [Anonymous Symbol]                       0x08000df0   Section        0  stm32f4xx_hal.o(.text.HAL_Init)
    [Anonymous Symbol]                       0x08000e20   Section        0  stm32f4xx_hal.o(.text.HAL_InitTick)
    [Anonymous Symbol]                       0x08000e70   Section        0  stm32f4xx_hal.o(.text.HAL_MspInit)
    [Anonymous Symbol]                       0x08000e74   Section        0  stm32f4xx_hal_cortex.o(.text.HAL_NVIC_EnableIRQ)
    [Anonymous Symbol]                       0x08000e94   Section        0  stm32f4xx_hal_cortex.o(.text.HAL_NVIC_SetPriority)
    [Anonymous Symbol]                       0x08000eec   Section        0  stm32f4xx_hal_cortex.o(.text.HAL_NVIC_SetPriorityGrouping)
    [Anonymous Symbol]                       0x08000f0c   Section        0  stm32f4xx_hal_rcc.o(.text.HAL_RCC_ClockConfig)
    [Anonymous Symbol]                       0x0800106c   Section        0  stm32f4xx_hal_rcc.o(.text.HAL_RCC_GetPCLK1Freq)
    [Anonymous Symbol]                       0x08001094   Section        0  stm32f4xx_hal_rcc.o(.text.HAL_RCC_GetPCLK2Freq)
    [Anonymous Symbol]                       0x080010bc   Section        0  stm32f4xx_hal_rcc.o(.text.HAL_RCC_GetSysClockFreq)
    [Anonymous Symbol]                       0x08001128   Section        0  stm32f4xx_hal_rcc.o(.text.HAL_RCC_OscConfig)
    [Anonymous Symbol]                       0x0800147c   Section        0  stm32f4xx_hal_cortex.o(.text.HAL_SYSTICK_Config)
    [Anonymous Symbol]                       0x080014a8   Section        0  stm32f4xx_hal_tim_ex.o(.text.HAL_TIMEx_BreakCallback)
    [Anonymous Symbol]                       0x080014ac   Section        0  stm32f4xx_hal_tim_ex.o(.text.HAL_TIMEx_CommutCallback)
    [Anonymous Symbol]                       0x080014b0   Section        0  stm32f4xx_hal_tim.o(.text.HAL_TIM_Base_Init)
    [Anonymous Symbol]                       0x0800150c   Section        0  btim.o(.text.HAL_TIM_Base_MspInit)
    [Anonymous Symbol]                       0x08001554   Section        0  stm32f4xx_hal_tim.o(.text.HAL_TIM_Base_Start_IT)
    [Anonymous Symbol]                       0x080015fc   Section        0  stm32f4xx_hal_tim.o(.text.HAL_TIM_IC_CaptureCallback)
    [Anonymous Symbol]                       0x08001600   Section        0  stm32f4xx_hal_tim.o(.text.HAL_TIM_IRQHandler)
    [Anonymous Symbol]                       0x0800176c   Section        0  stm32f4xx_hal_tim.o(.text.HAL_TIM_OC_DelayElapsedCallback)
    [Anonymous Symbol]                       0x08001770   Section        0  stm32f4xx_hal_tim.o(.text.HAL_TIM_PWM_ConfigChannel)
    [Anonymous Symbol]                       0x08001984   Section        0  stm32f4xx_hal_tim.o(.text.HAL_TIM_PWM_Init)
    [Anonymous Symbol]                       0x080019e0   Section        0  gtim.o(.text.HAL_TIM_PWM_MspInit)
    [Anonymous Symbol]                       0x08001aa8   Section        0  stm32f4xx_hal_tim.o(.text.HAL_TIM_PWM_PulseFinishedCallback)
    [Anonymous Symbol]                       0x08001aac   Section        0  stm32f4xx_hal_tim.o(.text.HAL_TIM_PWM_Start)
    [Anonymous Symbol]                       0x08001bd0   Section        0  btim.o(.text.HAL_TIM_PeriodElapsedCallback)
    [Anonymous Symbol]                       0x08001c98   Section        0  stm32f4xx_hal_tim.o(.text.HAL_TIM_TriggerCallback)
    [Anonymous Symbol]                       0x08001c9c   Section        0  stm32f4xx_hal_uart.o(.text.HAL_UARTEx_RxEventCallback)
    [Anonymous Symbol]                       0x08001ca0   Section        0  stm32f4xx_hal_uart.o(.text.HAL_UART_ErrorCallback)
    [Anonymous Symbol]                       0x08001ca4   Section        0  stm32f4xx_hal_uart.o(.text.HAL_UART_IRQHandler)
    [Anonymous Symbol]                       0x08001f08   Section        0  stm32f4xx_hal_uart.o(.text.HAL_UART_Init)
    [Anonymous Symbol]                       0x08001f68   Section        0  usart.o(.text.HAL_UART_MspInit)
    [Anonymous Symbol]                       0x08002008   Section        0  stm32f4xx_hal_uart.o(.text.HAL_UART_Receive_IT)
    [Anonymous Symbol]                       0x08002060   Section        0  usart.o(.text.HAL_UART_RxCpltCallback)
    [Anonymous Symbol]                       0x080020e0   Section        0  stm32f4xx_hal_uart.o(.text.HAL_UART_TxCpltCallback)
    [Anonymous Symbol]                       0x080020e4   Section        0  stm32f4xx_it.o(.text.HardFault_Handler)
    [Anonymous Symbol]                       0x080020e8   Section        0  stm32f4xx_it.o(.text.MemManage_Handler)
    [Anonymous Symbol]                       0x080020ec   Section        0  stm32f4xx_it.o(.text.NMI_Handler)
    [Anonymous Symbol]                       0x080020f0   Section        0  stm32f4xx_it.o(.text.PendSV_Handler)
    [Anonymous Symbol]                       0x080020f4   Section        0  stm32f4xx_it.o(.text.SVC_Handler)
    [Anonymous Symbol]                       0x080020f8   Section        0  stm32f4xx_it.o(.text.SysTick_Handler)
    [Anonymous Symbol]                       0x080020fc   Section        0  system_stm32f4xx.o(.text.SystemInit)
    [Anonymous Symbol]                       0x08002110   Section        0  btim.o(.text.TIM6_DAC_IRQHandler)
    [Anonymous Symbol]                       0x0800211c   Section        0  stm32f4xx_hal_tim.o(.text.TIM_Base_SetConfig)
    UART_DMAAbortOnError                     0x08002241   Thumb Code    12  stm32f4xx_hal_uart.o(.text.UART_DMAAbortOnError)
    [Anonymous Symbol]                       0x08002240   Section        0  stm32f4xx_hal_uart.o(.text.UART_DMAAbortOnError)
    UART_Receive_IT                          0x0800224d   Thumb Code   158  stm32f4xx_hal_uart.o(.text.UART_Receive_IT)
    [Anonymous Symbol]                       0x0800224c   Section        0  stm32f4xx_hal_uart.o(.text.UART_Receive_IT)
    UART_SetConfig                           0x080022ed   Thumb Code   232  stm32f4xx_hal_uart.o(.text.UART_SetConfig)
    [Anonymous Symbol]                       0x080022ec   Section        0  stm32f4xx_hal_uart.o(.text.UART_SetConfig)
    [Anonymous Symbol]                       0x080023d4   Section        0  usart.o(.text.USART1_IRQHandler)
    [Anonymous Symbol]                       0x080023e0   Section        0  stm32f4xx_it.o(.text.UsageFault_Handler)
    [Anonymous Symbol]                       0x080023e4   Section        0  newiic.o(.text.User_I2C_Init)
    [Anonymous Symbol]                       0x0800246c   Section        0  wt.o(.text.WT_read)
    [Anonymous Symbol]                       0x080024cc   Section        0  usart.o(.text._sys_exit)
    [Anonymous Symbol]                       0x080024d0   Section        0  adc.o(.text.adc_get_result_average)
    [Anonymous Symbol]                       0x08002534   Section        0  adc.o(.text.adc_init)
    [Anonymous Symbol]                       0x08002570   Section        0  control.o(.text.back)
    [Anonymous Symbol]                       0x080025ac   Section        0  btim.o(.text.btim_timx_int_init)
    [Anonymous Symbol]                       0x080025d8   Section        0  control.o(.text.control_go_init)
    [Anonymous Symbol]                       0x08002680   Section        0  control.o(.text.control_init)
    [Anonymous Symbol]                       0x080026f8   Section        0  delay.o(.text.delay_init)
    [Anonymous Symbol]                       0x08002704   Section        0  delay.o(.text.delay_ms)
    [Anonymous Symbol]                       0x08002748   Section        0  delay.o(.text.delay_us)
    [Anonymous Symbol]                       0x08002784   Section        0  control.o(.text.direction_sketch)
    [Anonymous Symbol]                       0x080027f0   Section        0  usart.o(.text.fputc)
    [Anonymous Symbol]                       0x08002804   Section        0  control.o(.text.front)
    [Anonymous Symbol]                       0x08002840   Section        0  control.o(.text.gpio_stop_init)
    [Anonymous Symbol]                       0x08002910   Section        0  gtim.o(.text.gtim_timx_pwm_chy_init)
    [Anonymous Symbol]                       0x08002964   Section        0  myiic.o(.text.iic_init)
    [Anonymous Symbol]                       0x08002ac8   Section        0  myiic.o(.text.iic_read_byte)
    [Anonymous Symbol]                       0x08002b90   Section        0  myiic.o(.text.iic_send_byte)
    [Anonymous Symbol]                       0x08002bec   Section        0  myiic.o(.text.iic_start)
    [Anonymous Symbol]                       0x08002c38   Section        0  myiic.o(.text.iic_stop)
    [Anonymous Symbol]                       0x08002c78   Section        0  myiic.o(.text.iic_wait_ack)
    [Anonymous Symbol]                       0x08002d04   Section        0  myiic.o(.text.iic_write_command)
    [Anonymous Symbol]                       0x08002da0   Section        0  myiic.o(.text.iic_write_data)
    [Anonymous Symbol]                       0x08002e3c   Section        0  control.o(.text.input_init)
    [Anonymous Symbol]                       0x08002eb0   Section        0  control.o(.text.left)
    [Anonymous Symbol]                       0x08002ef0   Section        0  main.o(.text.main)
    [Anonymous Symbol]                       0x080030c4   Section        0  control.o(.text.right)
    [Anonymous Symbol]                       0x08003100   Section        0  sys.o(.text.sys_stm32_clock_init)
    [Anonymous Symbol]                       0x080031cc   Section        0  control.o(.text.un_stop)
    [Anonymous Symbol]                       0x08003208   Section        0  usart.o(.text.usart_init)
    $v0                                      0x08003248   Number         0  d2f.o(x$fpl$d2f)
    x$fpl$d2f                                0x08003248   Section       98  d2f.o(x$fpl$d2f)
    $v0                                      0x080032ac   Number         0  dfix.o(x$fpl$dfix)
    x$fpl$dfix                               0x080032ac   Section       94  dfix.o(x$fpl$dfix)
    $v0                                      0x0800330a   Number         0  dflt_clz.o(x$fpl$dflt)
    x$fpl$dflt                               0x0800330a   Section       46  dflt_clz.o(x$fpl$dflt)
    $v0                                      0x08003338   Number         0  dflt_clz.o(x$fpl$dfltu)
    x$fpl$dfltu                              0x08003338   Section       38  dflt_clz.o(x$fpl$dfltu)
    $v0                                      0x08003360   Number         0  dmul.o(x$fpl$dmul)
    x$fpl$dmul                               0x08003360   Section      340  dmul.o(x$fpl$dmul)
    $v0                                      0x080034b4   Number         0  dnaninf.o(x$fpl$dnaninf)
    x$fpl$dnaninf                            0x080034b4   Section      156  dnaninf.o(x$fpl$dnaninf)
    $v0                                      0x08003550   Number         0  dretinf.o(x$fpl$dretinf)
    x$fpl$dretinf                            0x08003550   Section       12  dretinf.o(x$fpl$dretinf)
    $v0                                      0x0800355c   Number         0  fpinit.o(x$fpl$fpinit)
    x$fpl$fpinit                             0x0800355c   Section       26  fpinit.o(x$fpl$fpinit)
    $v0                                      0x08003576   Number         0  fretinf.o(x$fpl$fretinf)
    x$fpl$fretinf                            0x08003576   Section       10  fretinf.o(x$fpl$fretinf)
    x$fpl$usenofp                            0x08003580   Section        0  usenofp.o(x$fpl$usenofp)
    .bss                                     0x20000010   Section       96  libspace.o(.bss)
    g_fac_us                                 0x2000011c   Data           4  delay.o(.bss.g_fac_us)
    [Anonymous Symbol]                       0x2000011c   Section        0  delay.o(.bss.g_fac_us)
    Heap_Mem                                 0x200002e0   Data           0  startup_stm32f407xx.o(HEAP)
    Stack_Mem                                0x200002e0   Data        1024  startup_stm32f407xx.o(STACK)
    HEAP                                     0x200002e0   Section        0  startup_stm32f407xx.o(HEAP)
    STACK                                    0x200002e0   Section     1024  startup_stm32f407xx.o(STACK)
    __initial_sp                             0x200006e0   Data           0  startup_stm32f407xx.o(STACK)

    Global Symbols

    Symbol Name                              Value     Ov Type        Size  Object(Section)

    BuildAttributes$$THM_ISAv4$E$P$D$K$B$S$7EM$VFPi3$EXTD16$VFPS$VFMA$PE$A:L22UL41UL21$X:L11$S22US41US21$IEEE1$IW$~IW$USESV6$~STKCKD$USESV7$~SHL$OTIME$ROPI$EBA8$UX$STANDARDLIB$REQ8$PRES8$EABIv2 0x00000000   Number         0  anon$$obj.o ABSOLUTE
    __ARM_exceptions_init                     - Undefined Weak Reference
    __alloca_initialize                       - Undefined Weak Reference
    __arm_preinit_                            - Undefined Weak Reference
    __arm_relocate_pie_                       - Undefined Weak Reference
    __cpp_initialize__aeabi_                  - Undefined Weak Reference
    __cxa_finalize                            - Undefined Weak Reference
    __rt_locale                               - Undefined Weak Reference
    __sigvec_lookup                           - Undefined Weak Reference
    _atexit_init                              - Undefined Weak Reference
    _call_atexit_fns                          - Undefined Weak Reference
    _clock_init                               - Undefined Weak Reference
    _fp_trap_init                             - Undefined Weak Reference
    _fp_trap_shutdown                         - Undefined Weak Reference
    _get_lc_collate                           - Undefined Weak Reference
    _get_lc_ctype                             - Undefined Weak Reference
    _get_lc_monetary                          - Undefined Weak Reference
    _get_lc_numeric                           - Undefined Weak Reference
    _get_lc_time                              - Undefined Weak Reference
    _getenv_init                              - Undefined Weak Reference
    _handle_redirection                       - Undefined Weak Reference
    _init_alloc                               - Undefined Weak Reference
    _init_user_alloc                          - Undefined Weak Reference
    _initio                                   - Undefined Weak Reference
    _mutex_acquire                            - Undefined Weak Reference
    _mutex_release                            - Undefined Weak Reference
    _printf_post_padding                      - Undefined Weak Reference
    _printf_pre_padding                       - Undefined Weak Reference
    _printf_truncate_signed                   - Undefined Weak Reference
    _printf_truncate_unsigned                 - Undefined Weak Reference
    _rand_init                                - Undefined Weak Reference
    _signal_finish                            - Undefined Weak Reference
    _signal_init                              - Undefined Weak Reference
    _terminate_alloc                          - Undefined Weak Reference
    _terminate_user_alloc                     - Undefined Weak Reference
    _terminateio                              - Undefined Weak Reference
    __Vectors_Size                           0x00000188   Number         0  startup_stm32f407xx.o ABSOLUTE
    __Vectors                                0x08000000   Data           4  startup_stm32f407xx.o(RESET)
    __Vectors_End                            0x08000188   Data           0  startup_stm32f407xx.o(RESET)
    __main                                   0x08000189   Thumb Code     8  __main.o(!!!main)
    __scatterload                            0x08000191   Thumb Code     0  __scatter.o(!!!scatter)
    __scatterload_rt2                        0x08000191   Thumb Code    84  __scatter.o(!!!scatter)
    __scatterload_rt2_thumb_only             0x08000191   Thumb Code     0  __scatter.o(!!!scatter)
    __scatterload_loop                       0x0800019b   Thumb Code     0  __scatter.o(!!!scatter)
    __scatterload_copy                       0x080001ed   Thumb Code    26  __scatter_copy.o(!!handler_copy)
    __scatterload_null                       0x08000209   Thumb Code     2  __scatter.o(!!handler_null)
    __scatterload_zeroinit                   0x0800020d   Thumb Code    28  __scatter_zi.o(!!handler_zi)
    _printf_d                                0x08000229   Thumb Code     0  _printf_d.o(.ARM.Collect$$_printf_percent$$00000009)
    _printf_percent                          0x08000229   Thumb Code     0  _printf_percent.o(.ARM.Collect$$_printf_percent$$00000000)
    _printf_percent_end                      0x0800022f   Thumb Code     0  _printf_percent_end.o(.ARM.Collect$$_printf_percent$$00000017)
    __rt_lib_init                            0x08000233   Thumb Code     0  libinit.o(.ARM.Collect$$libinit$$00000000)
    __rt_lib_init_fp_1                       0x08000235   Thumb Code     0  libinit2.o(.ARM.Collect$$libinit$$00000001)
    __rt_lib_init_alloca_1                   0x08000239   Thumb Code     0  libinit2.o(.ARM.Collect$$libinit$$00000030)
    __rt_lib_init_argv_1                     0x08000239   Thumb Code     0  libinit2.o(.ARM.Collect$$libinit$$0000002E)
    __rt_lib_init_atexit_1                   0x08000239   Thumb Code     0  libinit2.o(.ARM.Collect$$libinit$$0000001D)
    __rt_lib_init_clock_1                    0x08000239   Thumb Code     0  libinit2.o(.ARM.Collect$$libinit$$00000023)
    __rt_lib_init_cpp_1                      0x08000239   Thumb Code     0  libinit2.o(.ARM.Collect$$libinit$$00000034)
    __rt_lib_init_exceptions_1               0x08000239   Thumb Code     0  libinit2.o(.ARM.Collect$$libinit$$00000032)
    __rt_lib_init_fp_trap_1                  0x08000239   Thumb Code     0  libinit2.o(.ARM.Collect$$libinit$$00000021)
    __rt_lib_init_getenv_1                   0x08000239   Thumb Code     0  libinit2.o(.ARM.Collect$$libinit$$00000025)
    __rt_lib_init_heap_1                     0x08000239   Thumb Code     0  libinit2.o(.ARM.Collect$$libinit$$0000000C)
    __rt_lib_init_lc_collate_1               0x08000239   Thumb Code     0  libinit2.o(.ARM.Collect$$libinit$$00000013)
    __rt_lib_init_lc_ctype_1                 0x08000239   Thumb Code     0  libinit2.o(.ARM.Collect$$libinit$$00000015)
    __rt_lib_init_lc_monetary_1              0x08000239   Thumb Code     0  libinit2.o(.ARM.Collect$$libinit$$00000017)
    __rt_lib_init_lc_numeric_1               0x08000239   Thumb Code     0  libinit2.o(.ARM.Collect$$libinit$$00000019)
    __rt_lib_init_lc_time_1                  0x08000239   Thumb Code     0  libinit2.o(.ARM.Collect$$libinit$$0000001B)
    __rt_lib_init_preinit_1                  0x08000239   Thumb Code     0  libinit2.o(.ARM.Collect$$libinit$$00000006)
    __rt_lib_init_rand_1                     0x08000239   Thumb Code     0  libinit2.o(.ARM.Collect$$libinit$$00000010)
    __rt_lib_init_relocate_pie_1             0x08000239   Thumb Code     0  libinit2.o(.ARM.Collect$$libinit$$00000004)
    __rt_lib_init_return                     0x08000239   Thumb Code     0  libinit2.o(.ARM.Collect$$libinit$$00000035)
    __rt_lib_init_signal_1                   0x08000239   Thumb Code     0  libinit2.o(.ARM.Collect$$libinit$$0000001F)
    __rt_lib_init_stdio_1                    0x08000239   Thumb Code     0  libinit2.o(.ARM.Collect$$libinit$$00000027)
    __rt_lib_init_user_alloc_1               0x08000239   Thumb Code     0  libinit2.o(.ARM.Collect$$libinit$$0000000E)
    __rt_lib_shutdown                        0x0800023b   Thumb Code     0  libshutdown.o(.ARM.Collect$$libshutdown$$00000000)
    __rt_lib_shutdown_cpp_1                  0x0800023d   Thumb Code     0  libshutdown2.o(.ARM.Collect$$libshutdown$$00000002)
    __rt_lib_shutdown_fp_trap_1              0x0800023d   Thumb Code     0  libshutdown2.o(.ARM.Collect$$libshutdown$$00000007)
    __rt_lib_shutdown_heap_1                 0x0800023d   Thumb Code     0  libshutdown2.o(.ARM.Collect$$libshutdown$$0000000F)
    __rt_lib_shutdown_return                 0x0800023d   Thumb Code     0  libshutdown2.o(.ARM.Collect$$libshutdown$$00000010)
    __rt_lib_shutdown_signal_1               0x0800023d   Thumb Code     0  libshutdown2.o(.ARM.Collect$$libshutdown$$0000000A)
    __rt_lib_shutdown_stdio_1                0x0800023d   Thumb Code     0  libshutdown2.o(.ARM.Collect$$libshutdown$$00000004)
    __rt_lib_shutdown_user_alloc_1           0x0800023d   Thumb Code     0  libshutdown2.o(.ARM.Collect$$libshutdown$$0000000C)
    __rt_entry                               0x0800023f   Thumb Code     0  __rtentry.o(.ARM.Collect$$rtentry$$00000000)
    __rt_entry_presh_1                       0x0800023f   Thumb Code     0  __rtentry2.o(.ARM.Collect$$rtentry$$00000002)
    __rt_entry_sh                            0x0800023f   Thumb Code     0  __rtentry4.o(.ARM.Collect$$rtentry$$00000004)
    __rt_entry_li                            0x08000245   Thumb Code     0  __rtentry2.o(.ARM.Collect$$rtentry$$0000000A)
    __rt_entry_postsh_1                      0x08000245   Thumb Code     0  __rtentry2.o(.ARM.Collect$$rtentry$$00000009)
    __rt_entry_main                          0x08000249   Thumb Code     0  __rtentry2.o(.ARM.Collect$$rtentry$$0000000D)
    __rt_entry_postli_1                      0x08000249   Thumb Code     0  __rtentry2.o(.ARM.Collect$$rtentry$$0000000C)
    __rt_exit                                0x08000251   Thumb Code     0  rtexit.o(.ARM.Collect$$rtexit$$00000000)
    __rt_exit_ls                             0x08000253   Thumb Code     0  rtexit2.o(.ARM.Collect$$rtexit$$00000003)
    __rt_exit_prels_1                        0x08000253   Thumb Code     0  rtexit2.o(.ARM.Collect$$rtexit$$00000002)
    __rt_exit_exit                           0x08000257   Thumb Code     0  rtexit2.o(.ARM.Collect$$rtexit$$00000004)
    Reset_Handler                            0x0800025d   Thumb Code    18  startup_stm32f407xx.o(.text)
    ADC_IRQHandler                           0x08000281   Thumb Code     0  startup_stm32f407xx.o(.text)
    CAN1_RX0_IRQHandler                      0x08000281   Thumb Code     0  startup_stm32f407xx.o(.text)
    CAN1_RX1_IRQHandler                      0x08000281   Thumb Code     0  startup_stm32f407xx.o(.text)
    CAN1_SCE_IRQHandler                      0x08000281   Thumb Code     0  startup_stm32f407xx.o(.text)
    CAN1_TX_IRQHandler                       0x08000281   Thumb Code     0  startup_stm32f407xx.o(.text)
    CAN2_RX0_IRQHandler                      0x08000281   Thumb Code     0  startup_stm32f407xx.o(.text)
    CAN2_RX1_IRQHandler                      0x08000281   Thumb Code     0  startup_stm32f407xx.o(.text)
    CAN2_SCE_IRQHandler                      0x08000281   Thumb Code     0  startup_stm32f407xx.o(.text)
    CAN2_TX_IRQHandler                       0x08000281   Thumb Code     0  startup_stm32f407xx.o(.text)
    DCMI_IRQHandler                          0x08000281   Thumb Code     0  startup_stm32f407xx.o(.text)
    DMA1_Stream0_IRQHandler                  0x08000281   Thumb Code     0  startup_stm32f407xx.o(.text)
    DMA1_Stream1_IRQHandler                  0x08000281   Thumb Code     0  startup_stm32f407xx.o(.text)
    DMA1_Stream2_IRQHandler                  0x08000281   Thumb Code     0  startup_stm32f407xx.o(.text)
    DMA1_Stream3_IRQHandler                  0x08000281   Thumb Code     0  startup_stm32f407xx.o(.text)
    DMA1_Stream4_IRQHandler                  0x08000281   Thumb Code     0  startup_stm32f407xx.o(.text)
    DMA1_Stream5_IRQHandler                  0x08000281   Thumb Code     0  startup_stm32f407xx.o(.text)
    DMA1_Stream6_IRQHandler                  0x08000281   Thumb Code     0  startup_stm32f407xx.o(.text)
    DMA1_Stream7_IRQHandler                  0x08000281   Thumb Code     0  startup_stm32f407xx.o(.text)
    DMA2_Stream0_IRQHandler                  0x08000281   Thumb Code     0  startup_stm32f407xx.o(.text)
    DMA2_Stream1_IRQHandler                  0x08000281   Thumb Code     0  startup_stm32f407xx.o(.text)
    DMA2_Stream2_IRQHandler                  0x08000281   Thumb Code     0  startup_stm32f407xx.o(.text)
    DMA2_Stream3_IRQHandler                  0x08000281   Thumb Code     0  startup_stm32f407xx.o(.text)
    DMA2_Stream4_IRQHandler                  0x08000281   Thumb Code     0  startup_stm32f407xx.o(.text)
    DMA2_Stream5_IRQHandler                  0x08000281   Thumb Code     0  startup_stm32f407xx.o(.text)
    DMA2_Stream6_IRQHandler                  0x08000281   Thumb Code     0  startup_stm32f407xx.o(.text)
    DMA2_Stream7_IRQHandler                  0x08000281   Thumb Code     0  startup_stm32f407xx.o(.text)
    ETH_IRQHandler                           0x08000281   Thumb Code     0  startup_stm32f407xx.o(.text)
    ETH_WKUP_IRQHandler                      0x08000281   Thumb Code     0  startup_stm32f407xx.o(.text)
    EXTI0_IRQHandler                         0x08000281   Thumb Code     0  startup_stm32f407xx.o(.text)
    EXTI15_10_IRQHandler                     0x08000281   Thumb Code     0  startup_stm32f407xx.o(.text)
    EXTI1_IRQHandler                         0x08000281   Thumb Code     0  startup_stm32f407xx.o(.text)
    EXTI2_IRQHandler                         0x08000281   Thumb Code     0  startup_stm32f407xx.o(.text)
    EXTI3_IRQHandler                         0x08000281   Thumb Code     0  startup_stm32f407xx.o(.text)
    EXTI4_IRQHandler                         0x08000281   Thumb Code     0  startup_stm32f407xx.o(.text)
    EXTI9_5_IRQHandler                       0x08000281   Thumb Code     0  startup_stm32f407xx.o(.text)
    FLASH_IRQHandler                         0x08000281   Thumb Code     0  startup_stm32f407xx.o(.text)
    FMC_IRQHandler                           0x08000281   Thumb Code     0  startup_stm32f407xx.o(.text)
    FPU_IRQHandler                           0x08000281   Thumb Code     0  startup_stm32f407xx.o(.text)
    HASH_RNG_IRQHandler                      0x08000281   Thumb Code     0  startup_stm32f407xx.o(.text)
    I2C1_ER_IRQHandler                       0x08000281   Thumb Code     0  startup_stm32f407xx.o(.text)
    I2C1_EV_IRQHandler                       0x08000281   Thumb Code     0  startup_stm32f407xx.o(.text)
    I2C2_ER_IRQHandler                       0x08000281   Thumb Code     0  startup_stm32f407xx.o(.text)
    I2C2_EV_IRQHandler                       0x08000281   Thumb Code     0  startup_stm32f407xx.o(.text)
    I2C3_ER_IRQHandler                       0x08000281   Thumb Code     0  startup_stm32f407xx.o(.text)
    I2C3_EV_IRQHandler                       0x08000281   Thumb Code     0  startup_stm32f407xx.o(.text)
    OTG_FS_IRQHandler                        0x08000281   Thumb Code     0  startup_stm32f407xx.o(.text)
    OTG_FS_WKUP_IRQHandler                   0x08000281   Thumb Code     0  startup_stm32f407xx.o(.text)
    OTG_HS_EP1_IN_IRQHandler                 0x08000281   Thumb Code     0  startup_stm32f407xx.o(.text)
    OTG_HS_EP1_OUT_IRQHandler                0x08000281   Thumb Code     0  startup_stm32f407xx.o(.text)
    OTG_HS_IRQHandler                        0x08000281   Thumb Code     0  startup_stm32f407xx.o(.text)
    OTG_HS_WKUP_IRQHandler                   0x08000281   Thumb Code     0  startup_stm32f407xx.o(.text)
    PVD_IRQHandler                           0x08000281   Thumb Code     0  startup_stm32f407xx.o(.text)
    RCC_IRQHandler                           0x08000281   Thumb Code     0  startup_stm32f407xx.o(.text)
    RTC_Alarm_IRQHandler                     0x08000281   Thumb Code     0  startup_stm32f407xx.o(.text)
    RTC_WKUP_IRQHandler                      0x08000281   Thumb Code     0  startup_stm32f407xx.o(.text)
    SDIO_IRQHandler                          0x08000281   Thumb Code     0  startup_stm32f407xx.o(.text)
    SPI1_IRQHandler                          0x08000281   Thumb Code     0  startup_stm32f407xx.o(.text)
    SPI2_IRQHandler                          0x08000281   Thumb Code     0  startup_stm32f407xx.o(.text)
    SPI3_IRQHandler                          0x08000281   Thumb Code     0  startup_stm32f407xx.o(.text)
    TAMP_STAMP_IRQHandler                    0x08000281   Thumb Code     0  startup_stm32f407xx.o(.text)
    TIM1_BRK_TIM9_IRQHandler                 0x08000281   Thumb Code     0  startup_stm32f407xx.o(.text)
    TIM1_CC_IRQHandler                       0x08000281   Thumb Code     0  startup_stm32f407xx.o(.text)
    TIM1_TRG_COM_TIM11_IRQHandler            0x08000281   Thumb Code     0  startup_stm32f407xx.o(.text)
    TIM1_UP_TIM10_IRQHandler                 0x08000281   Thumb Code     0  startup_stm32f407xx.o(.text)
    TIM2_IRQHandler                          0x08000281   Thumb Code     0  startup_stm32f407xx.o(.text)
    TIM3_IRQHandler                          0x08000281   Thumb Code     0  startup_stm32f407xx.o(.text)
    TIM4_IRQHandler                          0x08000281   Thumb Code     0  startup_stm32f407xx.o(.text)
    TIM5_IRQHandler                          0x08000281   Thumb Code     0  startup_stm32f407xx.o(.text)
    TIM7_IRQHandler                          0x08000281   Thumb Code     0  startup_stm32f407xx.o(.text)
    TIM8_BRK_TIM12_IRQHandler                0x08000281   Thumb Code     0  startup_stm32f407xx.o(.text)
    TIM8_CC_IRQHandler                       0x08000281   Thumb Code     0  startup_stm32f407xx.o(.text)
    TIM8_TRG_COM_TIM14_IRQHandler            0x08000281   Thumb Code     0  startup_stm32f407xx.o(.text)
    TIM8_UP_TIM13_IRQHandler                 0x08000281   Thumb Code     0  startup_stm32f407xx.o(.text)
    UART4_IRQHandler                         0x08000281   Thumb Code     0  startup_stm32f407xx.o(.text)
    UART5_IRQHandler                         0x08000281   Thumb Code     0  startup_stm32f407xx.o(.text)
    USART2_IRQHandler                        0x08000281   Thumb Code     0  startup_stm32f407xx.o(.text)
    USART3_IRQHandler                        0x08000281   Thumb Code     0  startup_stm32f407xx.o(.text)
    USART6_IRQHandler                        0x08000281   Thumb Code     0  startup_stm32f407xx.o(.text)
    WWDG_IRQHandler                          0x08000281   Thumb Code     0  startup_stm32f407xx.o(.text)
    __user_initial_stackheap                 0x08000285   Thumb Code     0  startup_stm32f407xx.o(.text)
    __use_no_semihosting                     0x080002a9   Thumb Code     2  use_no_semi_2.o(.text)
    __aeabi_uldivmod                         0x080002ab   Thumb Code     0  lludivv7m.o(.text)
    _ll_udiv                                 0x080002ab   Thumb Code   240  lludivv7m.o(.text)
    __2printf                                0x0800039d   Thumb Code    20  noretval__2printf.o(.text)
    __printf                                 0x080003b5   Thumb Code   104  __printf.o(.text)
    _printf_int_dec                          0x0800041d   Thumb Code   104  _printf_dec.o(.text)
    __aeabi_memclr4                          0x08000495   Thumb Code     0  rt_memclr_w.o(.text)
    __aeabi_memclr8                          0x08000495   Thumb Code     0  rt_memclr_w.o(.text)
    __rt_memclr_w                            0x08000495   Thumb Code     0  rt_memclr_w.o(.text)
    _memset_w                                0x08000499   Thumb Code    74  rt_memclr_w.o(.text)
    __use_two_region_memory                  0x080004e3   Thumb Code     2  heapauxi.o(.text)
    __rt_heap_escrow$2region                 0x080004e5   Thumb Code     2  heapauxi.o(.text)
    __rt_heap_expand$2region                 0x080004e7   Thumb Code     2  heapauxi.o(.text)
    __semihosting$guard                      0x080004e9   Thumb Code     0  use_no_semi.o(.text)
    __use_no_semihosting_swi                 0x080004e9   Thumb Code     2  use_no_semi.o(.text)
    _printf_int_common                       0x080004eb   Thumb Code   178  _printf_intcommon.o(.text)
    _printf_char_file                        0x0800059d   Thumb Code    32  _printf_char_file.o(.text)
    _printf_char_common                      0x080005cb   Thumb Code    32  _printf_char_common.o(.text)
    ferror                                   0x080005f1   Thumb Code     8  ferror.o(.text)
    __user_setup_stackheap                   0x080005f9   Thumb Code    74  sys_stackheap_outer.o(.text)
    exit                                     0x08000643   Thumb Code    18  exit.o(.text)
    __user_libspace                          0x08000655   Thumb Code     8  libspace.o(.text)
    __user_perproc_libspace                  0x08000655   Thumb Code     0  libspace.o(.text)
    __user_perthread_libspace                0x08000655   Thumb Code     0  libspace.o(.text)
    BusFault_Handler                         0x0800065d   Thumb Code     2  stm32f4xx_it.o(.text.BusFault_Handler)
    DebugMon_Handler                         0x08000661   Thumb Code     2  stm32f4xx_it.o(.text.DebugMon_Handler)
    HAL_ADC_ConfigChannel                    0x08000665   Thumb Code   262  stm32f4xx_hal_adc.o(.text.HAL_ADC_ConfigChannel)
    HAL_ADC_GetValue                         0x0800076d   Thumb Code     6  stm32f4xx_hal_adc.o(.text.HAL_ADC_GetValue)
    HAL_ADC_Init                             0x08000775   Thumb Code   332  stm32f4xx_hal_adc.o(.text.HAL_ADC_Init)
    HAL_ADC_MspInit                          0x080008c1   Thumb Code   102  adc.o(.text.HAL_ADC_MspInit)
    HAL_ADC_PollForConversion                0x08000929   Thumb Code   190  stm32f4xx_hal_adc.o(.text.HAL_ADC_PollForConversion)
    HAL_ADC_Start                            0x080009e9   Thumb Code   300  stm32f4xx_hal_adc.o(.text.HAL_ADC_Start)
    HAL_DMA_Abort                            0x08000b15   Thumb Code   138  stm32f4xx_hal_dma.o(.text.HAL_DMA_Abort)
    HAL_DMA_Abort_IT                         0x08000ba1   Thumb Code    36  stm32f4xx_hal_dma.o(.text.HAL_DMA_Abort_IT)
    HAL_Delay                                0x08000bc5   Thumb Code    66  delay.o(.text.HAL_Delay)
    HAL_GPIO_Init                            0x08000c09   Thumb Code   408  stm32f4xx_hal_gpio.o(.text.HAL_GPIO_Init)
    HAL_GPIO_ReadPin                         0x08000da1   Thumb Code    10  stm32f4xx_hal_gpio.o(.text.HAL_GPIO_ReadPin)
    HAL_GPIO_WritePin                        0x08000dad   Thumb Code    10  stm32f4xx_hal_gpio.o(.text.HAL_GPIO_WritePin)
    HAL_GetREVID                             0x08000db9   Thumb Code    14  stm32f4xx_hal.o(.text.HAL_GetREVID)
    HAL_GetTick                              0x08000dc9   Thumb Code    12  stm32f4xx_hal.o(.text.HAL_GetTick)
    HAL_IncTick                              0x08000dd5   Thumb Code    26  stm32f4xx_hal.o(.text.HAL_IncTick)
    HAL_Init                                 0x08000df1   Thumb Code    46  stm32f4xx_hal.o(.text.HAL_Init)
    HAL_InitTick                             0x08000e21   Thumb Code    80  stm32f4xx_hal.o(.text.HAL_InitTick)
    HAL_MspInit                              0x08000e71   Thumb Code     2  stm32f4xx_hal.o(.text.HAL_MspInit)
    HAL_NVIC_EnableIRQ                       0x08000e75   Thumb Code    32  stm32f4xx_hal_cortex.o(.text.HAL_NVIC_EnableIRQ)
    HAL_NVIC_SetPriority                     0x08000e95   Thumb Code    86  stm32f4xx_hal_cortex.o(.text.HAL_NVIC_SetPriority)
    HAL_NVIC_SetPriorityGrouping             0x08000eed   Thumb Code    32  stm32f4xx_hal_cortex.o(.text.HAL_NVIC_SetPriorityGrouping)
    HAL_RCC_ClockConfig                      0x08000f0d   Thumb Code   352  stm32f4xx_hal_rcc.o(.text.HAL_RCC_ClockConfig)
    HAL_RCC_GetPCLK1Freq                     0x0800106d   Thumb Code    38  stm32f4xx_hal_rcc.o(.text.HAL_RCC_GetPCLK1Freq)
    HAL_RCC_GetPCLK2Freq                     0x08001095   Thumb Code    38  stm32f4xx_hal_rcc.o(.text.HAL_RCC_GetPCLK2Freq)
    HAL_RCC_GetSysClockFreq                  0x080010bd   Thumb Code   106  stm32f4xx_hal_rcc.o(.text.HAL_RCC_GetSysClockFreq)
    HAL_RCC_OscConfig                        0x08001129   Thumb Code   852  stm32f4xx_hal_rcc.o(.text.HAL_RCC_OscConfig)
    HAL_SYSTICK_Config                       0x0800147d   Thumb Code    44  stm32f4xx_hal_cortex.o(.text.HAL_SYSTICK_Config)
    HAL_TIMEx_BreakCallback                  0x080014a9   Thumb Code     2  stm32f4xx_hal_tim_ex.o(.text.HAL_TIMEx_BreakCallback)
    HAL_TIMEx_CommutCallback                 0x080014ad   Thumb Code     2  stm32f4xx_hal_tim_ex.o(.text.HAL_TIMEx_CommutCallback)
    HAL_TIM_Base_Init                        0x080014b1   Thumb Code    90  stm32f4xx_hal_tim.o(.text.HAL_TIM_Base_Init)
    HAL_TIM_Base_MspInit                     0x0800150d   Thumb Code    72  btim.o(.text.HAL_TIM_Base_MspInit)
    HAL_TIM_Base_Start_IT                    0x08001555   Thumb Code   168  stm32f4xx_hal_tim.o(.text.HAL_TIM_Base_Start_IT)
    HAL_TIM_IC_CaptureCallback               0x080015fd   Thumb Code     2  stm32f4xx_hal_tim.o(.text.HAL_TIM_IC_CaptureCallback)
    HAL_TIM_IRQHandler                       0x08001601   Thumb Code   362  stm32f4xx_hal_tim.o(.text.HAL_TIM_IRQHandler)
    HAL_TIM_OC_DelayElapsedCallback          0x0800176d   Thumb Code     2  stm32f4xx_hal_tim.o(.text.HAL_TIM_OC_DelayElapsedCallback)
    HAL_TIM_PWM_ConfigChannel                0x08001771   Thumb Code   532  stm32f4xx_hal_tim.o(.text.HAL_TIM_PWM_ConfigChannel)
    HAL_TIM_PWM_Init                         0x08001985   Thumb Code    90  stm32f4xx_hal_tim.o(.text.HAL_TIM_PWM_Init)
    HAL_TIM_PWM_MspInit                      0x080019e1   Thumb Code   200  gtim.o(.text.HAL_TIM_PWM_MspInit)
    HAL_TIM_PWM_PulseFinishedCallback        0x08001aa9   Thumb Code     2  stm32f4xx_hal_tim.o(.text.HAL_TIM_PWM_PulseFinishedCallback)
    HAL_TIM_PWM_Start                        0x08001aad   Thumb Code   290  stm32f4xx_hal_tim.o(.text.HAL_TIM_PWM_Start)
    HAL_TIM_PeriodElapsedCallback            0x08001bd1   Thumb Code   184  btim.o(.text.HAL_TIM_PeriodElapsedCallback)
    HAL_TIM_TriggerCallback                  0x08001c99   Thumb Code     2  stm32f4xx_hal_tim.o(.text.HAL_TIM_TriggerCallback)
    HAL_UARTEx_RxEventCallback               0x08001c9d   Thumb Code     2  stm32f4xx_hal_uart.o(.text.HAL_UARTEx_RxEventCallback)
    HAL_UART_ErrorCallback                   0x08001ca1   Thumb Code     2  stm32f4xx_hal_uart.o(.text.HAL_UART_ErrorCallback)
    HAL_UART_IRQHandler                      0x08001ca5   Thumb Code   612  stm32f4xx_hal_uart.o(.text.HAL_UART_IRQHandler)
    HAL_UART_Init                            0x08001f09   Thumb Code    94  stm32f4xx_hal_uart.o(.text.HAL_UART_Init)
    HAL_UART_MspInit                         0x08001f69   Thumb Code   160  usart.o(.text.HAL_UART_MspInit)
    HAL_UART_Receive_IT                      0x08002009   Thumb Code    86  stm32f4xx_hal_uart.o(.text.HAL_UART_Receive_IT)
    HAL_UART_RxCpltCallback                  0x08002061   Thumb Code   128  usart.o(.text.HAL_UART_RxCpltCallback)
    HAL_UART_TxCpltCallback                  0x080020e1   Thumb Code     2  stm32f4xx_hal_uart.o(.text.HAL_UART_TxCpltCallback)
    HardFault_Handler                        0x080020e5   Thumb Code     2  stm32f4xx_it.o(.text.HardFault_Handler)
    MemManage_Handler                        0x080020e9   Thumb Code     2  stm32f4xx_it.o(.text.MemManage_Handler)
    NMI_Handler                              0x080020ed   Thumb Code     2  stm32f4xx_it.o(.text.NMI_Handler)
    PendSV_Handler                           0x080020f1   Thumb Code     2  stm32f4xx_it.o(.text.PendSV_Handler)
    SVC_Handler                              0x080020f5   Thumb Code     2  stm32f4xx_it.o(.text.SVC_Handler)
    SysTick_Handler                          0x080020f9   Thumb Code     4  stm32f4xx_it.o(.text.SysTick_Handler)
    SystemInit                               0x080020fd   Thumb Code    18  system_stm32f4xx.o(.text.SystemInit)
    TIM6_DAC_IRQHandler                      0x08002111   Thumb Code    12  btim.o(.text.TIM6_DAC_IRQHandler)
    TIM_Base_SetConfig                       0x0800211d   Thumb Code   292  stm32f4xx_hal_tim.o(.text.TIM_Base_SetConfig)
    USART1_IRQHandler                        0x080023d5   Thumb Code    12  usart.o(.text.USART1_IRQHandler)
    UsageFault_Handler                       0x080023e1   Thumb Code     2  stm32f4xx_it.o(.text.UsageFault_Handler)
    User_I2C_Init                            0x080023e5   Thumb Code   136  newiic.o(.text.User_I2C_Init)
    WT_read                                  0x0800246d   Thumb Code    96  wt.o(.text.WT_read)
    _sys_exit                                0x080024cd   Thumb Code     2  usart.o(.text._sys_exit)
    adc_get_result_average                   0x080024d1   Thumb Code   100  adc.o(.text.adc_get_result_average)
    adc_init                                 0x08002535   Thumb Code    60  adc.o(.text.adc_init)
    back                                     0x08002571   Thumb Code    60  control.o(.text.back)
    btim_timx_int_init                       0x080025ad   Thumb Code    44  btim.o(.text.btim_timx_int_init)
    control_go_init                          0x080025d9   Thumb Code   168  control.o(.text.control_go_init)
    control_init                             0x08002681   Thumb Code   118  control.o(.text.control_init)
    delay_init                               0x080026f9   Thumb Code    12  delay.o(.text.delay_init)
    delay_ms                                 0x08002705   Thumb Code    66  delay.o(.text.delay_ms)
    delay_us                                 0x08002749   Thumb Code    58  delay.o(.text.delay_us)
    direction_sketch                         0x08002785   Thumb Code   106  control.o(.text.direction_sketch)
    fputc                                    0x080027f1   Thumb Code    20  usart.o(.text.fputc)
    front                                    0x08002805   Thumb Code    60  control.o(.text.front)
    gpio_stop_init                           0x08002841   Thumb Code   206  control.o(.text.gpio_stop_init)
    gtim_timx_pwm_chy_init                   0x08002911   Thumb Code    82  gtim.o(.text.gtim_timx_pwm_chy_init)
    iic_init                                 0x08002965   Thumb Code   356  myiic.o(.text.iic_init)
    iic_read_byte                            0x08002ac9   Thumb Code   198  myiic.o(.text.iic_read_byte)
    iic_send_byte                            0x08002b91   Thumb Code    90  myiic.o(.text.iic_send_byte)
    iic_start                                0x08002bed   Thumb Code    76  myiic.o(.text.iic_start)
    iic_stop                                 0x08002c39   Thumb Code    64  myiic.o(.text.iic_stop)
    iic_wait_ack                             0x08002c79   Thumb Code   140  myiic.o(.text.iic_wait_ack)
    iic_write_command                        0x08002d05   Thumb Code   156  myiic.o(.text.iic_write_command)
    iic_write_data                           0x08002da1   Thumb Code   156  myiic.o(.text.iic_write_data)
    input_init                               0x08002e3d   Thumb Code   116  control.o(.text.input_init)
    left                                     0x08002eb1   Thumb Code    60  control.o(.text.left)
    main                                     0x08002ef1   Thumb Code   448  main.o(.text.main)
    right                                    0x080030c5   Thumb Code    60  control.o(.text.right)
    sys_stm32_clock_init                     0x08003101   Thumb Code   204  sys.o(.text.sys_stm32_clock_init)
    un_stop                                  0x080031cd   Thumb Code    60  control.o(.text.un_stop)
    usart_init                               0x08003209   Thumb Code    62  usart.o(.text.usart_init)
    __aeabi_d2f                              0x08003249   Thumb Code     0  d2f.o(x$fpl$d2f)
    _d2f                                     0x08003249   Thumb Code    98  d2f.o(x$fpl$d2f)
    __aeabi_d2iz                             0x080032ad   Thumb Code     0  dfix.o(x$fpl$dfix)
    _dfix                                    0x080032ad   Thumb Code    94  dfix.o(x$fpl$dfix)
    __aeabi_i2d                              0x0800330b   Thumb Code     0  dflt_clz.o(x$fpl$dflt)
    _dflt                                    0x0800330b   Thumb Code    46  dflt_clz.o(x$fpl$dflt)
    __aeabi_ui2d                             0x08003339   Thumb Code     0  dflt_clz.o(x$fpl$dfltu)
    _dfltu                                   0x08003339   Thumb Code    38  dflt_clz.o(x$fpl$dfltu)
    __aeabi_dmul                             0x08003361   Thumb Code     0  dmul.o(x$fpl$dmul)
    _dmul                                    0x08003361   Thumb Code   332  dmul.o(x$fpl$dmul)
    __fpl_dnaninf                            0x080034b5   Thumb Code   156  dnaninf.o(x$fpl$dnaninf)
    __fpl_dretinf                            0x08003551   Thumb Code    12  dretinf.o(x$fpl$dretinf)
    _fp_init                                 0x0800355d   Thumb Code    26  fpinit.o(x$fpl$fpinit)
    __fplib_config_fpu_vfp                   0x08003575   Thumb Code     0  fpinit.o(x$fpl$fpinit)
    __fplib_config_pureend_doubles           0x08003575   Thumb Code     0  fpinit.o(x$fpl$fpinit)
    __fpl_fretinf                            0x08003577   Thumb Code    10  fretinf.o(x$fpl$fretinf)
    AHBPrescTable                            0x08003580   Data          16  system_stm32f4xx.o(.rodata.AHBPrescTable)
    __I$use$fp                               0x08003580   Number         0  usenofp.o(x$fpl$usenofp)
    APBPrescTable                            0x08003590   Data           8  system_stm32f4xx.o(.rodata.APBPrescTable)
    Region$$Table$$Base                      0x08003598   Number         0  anon$$obj.o(Region$$Table)
    Region$$Table$$Limit                     0x080035b8   Number         0  anon$$obj.o(Region$$Table)
    __ARM_use_no_argv                        0x20000000   Data           4  main.o(.ARM.use_no_argv)
    SystemCoreClock                          0x20000004   Data           4  system_stm32f4xx.o(.data.SystemCoreClock)
    uwTickFreq                               0x20000008   Data           1  stm32f4xx_hal.o(.data.uwTickFreq)
    uwTickPrio                               0x2000000c   Data           4  stm32f4xx_hal.o(.data.uwTickPrio)
    __libspace_start                         0x20000010   Data          96  libspace.o(.bss)
    S                                        0x20000070   Data          10  btim.o(.bss.S)
    __temporary_stack_top$libspace           0x20000070   Data           0  libspace.o(.bss)
    __stdout                                 0x2000007c   Data          84  usart.o(.bss.__stdout)
    adcx                                     0x200000d0   Data           2  adc.o(.bss.adcx)
    g_adc_handle                             0x200000d4   Data          72  adc.o(.bss.g_adc_handle)
    g_rx_buffer                              0x20000120   Data           1  usart.o(.bss.g_rx_buffer)
    g_timx_handler                           0x20000124   Data          72  btim.o(.bss.g_timx_handler)
    g_timx_pwm_chy_handle                    0x2000016c   Data          72  gtim.o(.bss.g_timx_pwm_chy_handle)
    g_uart1_handle                           0x200001b4   Data          68  usart.o(.bss.g_uart1_handle)
    g_usart_rx_buf                           0x200001f8   Data         200  usart.o(.bss.g_usart_rx_buf)
    g_usart_rx_sta                           0x200002c0   Data           2  usart.o(.bss.g_usart_rx_sta)
    pitchss                                  0x200002c2   Data           2  btim.o(.bss.pitchss)
    rollss                                   0x200002c4   Data           2  btim.o(.bss.rollss)
    temp3                                    0x200002c8   Data           4  btim.o(.bss.temp3)
    temp4                                    0x200002cc   Data           4  btim.o(.bss.temp4)
    temp5                                    0x200002d0   Data           4  btim.o(.bss.temp5)
    uwTick                                   0x200002d4   Data           4  stm32f4xx_hal.o(.bss.uwTick)
    yawss                                    0x200002d8   Data           2  btim.o(.bss.yawss)



==============================================================================

Memory Map of the image

  Image Entry point : 0x08000189

  Load Region LR_IROM1 (Base: 0x08000000, Size: 0x000035c8, Max: 0x00100000, ABSOLUTE)

    Execution Region ER_IROM1 (Exec base: 0x08000000, Load base: 0x08000000, Size: 0x000035b8, Max: 0x00100000, ABSOLUTE)

    Exec Addr    Load Addr    Size         Type   Attr      Idx    E Section Name        Object

    0x08000000   0x08000000   0x00000188   Data   RO            3    RESET               startup_stm32f407xx.o
    0x08000188   0x08000188   0x00000008   Code   RO         1599  * !!!main             c_w.l(__main.o)
    0x08000190   0x08000190   0x0000005c   Code   RO         1795    !!!scatter          c_w.l(__scatter.o)
    0x080001ec   0x080001ec   0x0000001a   Code   RO         1799    !!handler_copy      c_w.l(__scatter_copy.o)
    0x08000206   0x08000206   0x00000002   PAD
    0x08000208   0x08000208   0x00000002   Code   RO         1796    !!handler_null      c_w.l(__scatter.o)
    0x0800020a   0x0800020a   0x00000002   PAD
    0x0800020c   0x0800020c   0x0000001c   Code   RO         1801    !!handler_zi        c_w.l(__scatter_zi.o)
    0x08000228   0x08000228   0x00000000   Code   RO         1594    .ARM.Collect$$_printf_percent$$00000000  c_w.l(_printf_percent.o)
    0x08000228   0x08000228   0x00000006   Code   RO         1593    .ARM.Collect$$_printf_percent$$00000009  c_w.l(_printf_d.o)
    0x0800022e   0x0800022e   0x00000004   Code   RO         1626    .ARM.Collect$$_printf_percent$$00000017  c_w.l(_printf_percent_end.o)
    0x08000232   0x08000232   0x00000002   Code   RO         1672    .ARM.Collect$$libinit$$00000000  c_w.l(libinit.o)
    0x08000234   0x08000234   0x00000004   Code   RO         1684    .ARM.Collect$$libinit$$00000001  c_w.l(libinit2.o)
    0x08000238   0x08000238   0x00000000   Code   RO         1687    .ARM.Collect$$libinit$$00000004  c_w.l(libinit2.o)
    0x08000238   0x08000238   0x00000000   Code   RO         1689    .ARM.Collect$$libinit$$00000006  c_w.l(libinit2.o)
    0x08000238   0x08000238   0x00000000   Code   RO         1692    .ARM.Collect$$libinit$$0000000C  c_w.l(libinit2.o)
    0x08000238   0x08000238   0x00000000   Code   RO         1694    .ARM.Collect$$libinit$$0000000E  c_w.l(libinit2.o)
    0x08000238   0x08000238   0x00000000   Code   RO         1696    .ARM.Collect$$libinit$$00000010  c_w.l(libinit2.o)
    0x08000238   0x08000238   0x00000000   Code   RO         1699    .ARM.Collect$$libinit$$00000013  c_w.l(libinit2.o)
    0x08000238   0x08000238   0x00000000   Code   RO         1701    .ARM.Collect$$libinit$$00000015  c_w.l(libinit2.o)
    0x08000238   0x08000238   0x00000000   Code   RO         1703    .ARM.Collect$$libinit$$00000017  c_w.l(libinit2.o)
    0x08000238   0x08000238   0x00000000   Code   RO         1705    .ARM.Collect$$libinit$$00000019  c_w.l(libinit2.o)
    0x08000238   0x08000238   0x00000000   Code   RO         1707    .ARM.Collect$$libinit$$0000001B  c_w.l(libinit2.o)
    0x08000238   0x08000238   0x00000000   Code   RO         1709    .ARM.Collect$$libinit$$0000001D  c_w.l(libinit2.o)
    0x08000238   0x08000238   0x00000000   Code   RO         1711    .ARM.Collect$$libinit$$0000001F  c_w.l(libinit2.o)
    0x08000238   0x08000238   0x00000000   Code   RO         1713    .ARM.Collect$$libinit$$00000021  c_w.l(libinit2.o)
    0x08000238   0x08000238   0x00000000   Code   RO         1715    .ARM.Collect$$libinit$$00000023  c_w.l(libinit2.o)
    0x08000238   0x08000238   0x00000000   Code   RO         1717    .ARM.Collect$$libinit$$00000025  c_w.l(libinit2.o)
    0x08000238   0x08000238   0x00000000   Code   RO         1719    .ARM.Collect$$libinit$$00000027  c_w.l(libinit2.o)
    0x08000238   0x08000238   0x00000000   Code   RO         1723    .ARM.Collect$$libinit$$0000002E  c_w.l(libinit2.o)
    0x08000238   0x08000238   0x00000000   Code   RO         1725    .ARM.Collect$$libinit$$00000030  c_w.l(libinit2.o)
    0x08000238   0x08000238   0x00000000   Code   RO         1727    .ARM.Collect$$libinit$$00000032  c_w.l(libinit2.o)
    0x08000238   0x08000238   0x00000000   Code   RO         1729    .ARM.Collect$$libinit$$00000034  c_w.l(libinit2.o)
    0x08000238   0x08000238   0x00000002   Code   RO         1730    .ARM.Collect$$libinit$$00000035  c_w.l(libinit2.o)
    0x0800023a   0x0800023a   0x00000002   Code   RO         1754    .ARM.Collect$$libshutdown$$00000000  c_w.l(libshutdown.o)
    0x0800023c   0x0800023c   0x00000000   Code   RO         1778    .ARM.Collect$$libshutdown$$00000002  c_w.l(libshutdown2.o)
    0x0800023c   0x0800023c   0x00000000   Code   RO         1780    .ARM.Collect$$libshutdown$$00000004  c_w.l(libshutdown2.o)
    0x0800023c   0x0800023c   0x00000000   Code   RO         1783    .ARM.Collect$$libshutdown$$00000007  c_w.l(libshutdown2.o)
    0x0800023c   0x0800023c   0x00000000   Code   RO         1786    .ARM.Collect$$libshutdown$$0000000A  c_w.l(libshutdown2.o)
    0x0800023c   0x0800023c   0x00000000   Code   RO         1788    .ARM.Collect$$libshutdown$$0000000C  c_w.l(libshutdown2.o)
    0x0800023c   0x0800023c   0x00000000   Code   RO         1791    .ARM.Collect$$libshutdown$$0000000F  c_w.l(libshutdown2.o)
    0x0800023c   0x0800023c   0x00000002   Code   RO         1792    .ARM.Collect$$libshutdown$$00000010  c_w.l(libshutdown2.o)
    0x0800023e   0x0800023e   0x00000000   Code   RO         1617    .ARM.Collect$$rtentry$$00000000  c_w.l(__rtentry.o)
    0x0800023e   0x0800023e   0x00000000   Code   RO         1635    .ARM.Collect$$rtentry$$00000002  c_w.l(__rtentry2.o)
    0x0800023e   0x0800023e   0x00000006   Code   RO         1647    .ARM.Collect$$rtentry$$00000004  c_w.l(__rtentry4.o)
    0x08000244   0x08000244   0x00000000   Code   RO         1637    .ARM.Collect$$rtentry$$00000009  c_w.l(__rtentry2.o)
    0x08000244   0x08000244   0x00000004   Code   RO         1638    .ARM.Collect$$rtentry$$0000000A  c_w.l(__rtentry2.o)
    0x08000248   0x08000248   0x00000000   Code   RO         1640    .ARM.Collect$$rtentry$$0000000C  c_w.l(__rtentry2.o)
    0x08000248   0x08000248   0x00000008   Code   RO         1641    .ARM.Collect$$rtentry$$0000000D  c_w.l(__rtentry2.o)
    0x08000250   0x08000250   0x00000002   Code   RO         1676    .ARM.Collect$$rtexit$$00000000  c_w.l(rtexit.o)
    0x08000252   0x08000252   0x00000000   Code   RO         1732    .ARM.Collect$$rtexit$$00000002  c_w.l(rtexit2.o)
    0x08000252   0x08000252   0x00000004   Code   RO         1733    .ARM.Collect$$rtexit$$00000003  c_w.l(rtexit2.o)
    0x08000256   0x08000256   0x00000006   Code   RO         1734    .ARM.Collect$$rtexit$$00000004  c_w.l(rtexit2.o)
    0x0800025c   0x0800025c   0x0000004c   Code   RO            4    .text               startup_stm32f407xx.o
    0x080002a8   0x080002a8   0x00000002   Code   RO         1561    .text               c_w.l(use_no_semi_2.o)
    0x080002aa   0x080002aa   0x000000f0   Code   RO         1563    .text               c_w.l(lludivv7m.o)
    0x0800039a   0x0800039a   0x00000002   PAD
    0x0800039c   0x0800039c   0x00000018   Code   RO         1567    .text               c_w.l(noretval__2printf.o)
    0x080003b4   0x080003b4   0x00000068   Code   RO         1569    .text               c_w.l(__printf.o)
    0x0800041c   0x0800041c   0x00000078   Code   RO         1571    .text               c_w.l(_printf_dec.o)
    0x08000494   0x08000494   0x0000004e   Code   RO         1595    .text               c_w.l(rt_memclr_w.o)
    0x080004e2   0x080004e2   0x00000006   Code   RO         1597    .text               c_w.l(heapauxi.o)
    0x080004e8   0x080004e8   0x00000002   Code   RO         1615    .text               c_w.l(use_no_semi.o)
    0x080004ea   0x080004ea   0x000000b2   Code   RO         1622    .text               c_w.l(_printf_intcommon.o)
    0x0800059c   0x0800059c   0x00000024   Code   RO         1624    .text               c_w.l(_printf_char_file.o)
    0x080005c0   0x080005c0   0x00000030   Code   RO         1651    .text               c_w.l(_printf_char_common.o)
    0x080005f0   0x080005f0   0x00000008   Code   RO         1653    .text               c_w.l(ferror.o)
    0x080005f8   0x080005f8   0x0000004a   Code   RO         1657    .text               c_w.l(sys_stackheap_outer.o)
    0x08000642   0x08000642   0x00000012   Code   RO         1661    .text               c_w.l(exit.o)
    0x08000654   0x08000654   0x00000008   Code   RO         1673    .text               c_w.l(libspace.o)
    0x0800065c   0x0800065c   0x00000002   Code   RO           26    .text.BusFault_Handler  stm32f4xx_it.o
    0x0800065e   0x0800065e   0x00000002   PAD
    0x08000660   0x08000660   0x00000002   Code   RO           32    .text.DebugMon_Handler  stm32f4xx_it.o
    0x08000662   0x08000662   0x00000002   PAD
    0x08000664   0x08000664   0x00000106   Code   RO         1302    .text.HAL_ADC_ConfigChannel  stm32f4xx_hal_adc.o
    0x0800076a   0x0800076a   0x00000002   PAD
    0x0800076c   0x0800076c   0x00000006   Code   RO         1298    .text.HAL_ADC_GetValue  stm32f4xx_hal_adc.o
    0x08000772   0x08000772   0x00000002   PAD
    0x08000774   0x08000774   0x0000014c   Code   RO         1260    .text.HAL_ADC_Init  stm32f4xx_hal_adc.o
    0x080008c0   0x080008c0   0x00000066   Code   RO         1513    .text.HAL_ADC_MspInit  adc.o
    0x08000926   0x08000926   0x00000002   PAD
    0x08000928   0x08000928   0x000000be   Code   RO         1272    .text.HAL_ADC_PollForConversion  stm32f4xx_hal_adc.o
    0x080009e6   0x080009e6   0x00000002   PAD
    0x080009e8   0x080009e8   0x0000012c   Code   RO         1268    .text.HAL_ADC_Start  stm32f4xx_hal_adc.o
    0x08000b14   0x08000b14   0x0000008a   Code   RO          251    .text.HAL_DMA_Abort  stm32f4xx_hal_dma.o
    0x08000b9e   0x08000b9e   0x00000002   PAD
    0x08000ba0   0x08000ba0   0x00000024   Code   RO          253    .text.HAL_DMA_Abort_IT  stm32f4xx_hal_dma.o
    0x08000bc4   0x08000bc4   0x00000042   Code   RO           66    .text.HAL_Delay     delay.o
    0x08000c06   0x08000c06   0x00000002   PAD
    0x08000c08   0x08000c08   0x00000198   Code   RO          276    .text.HAL_GPIO_Init  stm32f4xx_hal_gpio.o
    0x08000da0   0x08000da0   0x0000000a   Code   RO          280    .text.HAL_GPIO_ReadPin  stm32f4xx_hal_gpio.o
    0x08000daa   0x08000daa   0x00000002   PAD
    0x08000dac   0x08000dac   0x0000000a   Code   RO          282    .text.HAL_GPIO_WritePin  stm32f4xx_hal_gpio.o
    0x08000db6   0x08000db6   0x00000002   PAD
    0x08000db8   0x08000db8   0x0000000e   Code   RO          160    .text.HAL_GetREVID  stm32f4xx_hal.o
    0x08000dc6   0x08000dc6   0x00000002   PAD
    0x08000dc8   0x08000dc8   0x0000000c   Code   RO          144    .text.HAL_GetTick   stm32f4xx_hal.o
    0x08000dd4   0x08000dd4   0x0000001a   Code   RO          142    .text.HAL_IncTick   stm32f4xx_hal.o
    0x08000dee   0x08000dee   0x00000002   PAD
    0x08000df0   0x08000df0   0x0000002e   Code   RO          132    .text.HAL_Init      stm32f4xx_hal.o
    0x08000e1e   0x08000e1e   0x00000002   PAD
    0x08000e20   0x08000e20   0x00000050   Code   RO          134    .text.HAL_InitTick  stm32f4xx_hal.o
    0x08000e70   0x08000e70   0x00000002   Code   RO          136    .text.HAL_MspInit   stm32f4xx_hal.o
    0x08000e72   0x08000e72   0x00000002   PAD
    0x08000e74   0x08000e74   0x00000020   Code   RO          201    .text.HAL_NVIC_EnableIRQ  stm32f4xx_hal_cortex.o
    0x08000e94   0x08000e94   0x00000056   Code   RO          199    .text.HAL_NVIC_SetPriority  stm32f4xx_hal_cortex.o
    0x08000eea   0x08000eea   0x00000002   PAD
    0x08000eec   0x08000eec   0x00000020   Code   RO          197    .text.HAL_NVIC_SetPriorityGrouping  stm32f4xx_hal_cortex.o
    0x08000f0c   0x08000f0c   0x00000160   Code   RO          304    .text.HAL_RCC_ClockConfig  stm32f4xx_hal_rcc.o
    0x0800106c   0x0800106c   0x00000026   Code   RO          316    .text.HAL_RCC_GetPCLK1Freq  stm32f4xx_hal_rcc.o
    0x08001092   0x08001092   0x00000002   PAD
    0x08001094   0x08001094   0x00000026   Code   RO          318    .text.HAL_RCC_GetPCLK2Freq  stm32f4xx_hal_rcc.o
    0x080010ba   0x080010ba   0x00000002   PAD
    0x080010bc   0x080010bc   0x0000006a   Code   RO          306    .text.HAL_RCC_GetSysClockFreq  stm32f4xx_hal_rcc.o
    0x08001126   0x08001126   0x00000002   PAD
    0x08001128   0x08001128   0x00000354   Code   RO          302    .text.HAL_RCC_OscConfig  stm32f4xx_hal_rcc.o
    0x0800147c   0x0800147c   0x0000002c   Code   RO          209    .text.HAL_SYSTICK_Config  stm32f4xx_hal_cortex.o
    0x080014a8   0x080014a8   0x00000002   Code   RO          941    .text.HAL_TIMEx_BreakCallback  stm32f4xx_hal_tim_ex.o
    0x080014aa   0x080014aa   0x00000002   PAD
    0x080014ac   0x080014ac   0x00000002   Code   RO          937    .text.HAL_TIMEx_CommutCallback  stm32f4xx_hal_tim_ex.o
    0x080014ae   0x080014ae   0x00000002   PAD
    0x080014b0   0x080014b0   0x0000005a   Code   RO          636    .text.HAL_TIM_Base_Init  stm32f4xx_hal_tim.o
    0x0800150a   0x0800150a   0x00000002   PAD
    0x0800150c   0x0800150c   0x00000048   Code   RO         1534    .text.HAL_TIM_Base_MspInit  btim.o
    0x08001554   0x08001554   0x000000a8   Code   RO          650    .text.HAL_TIM_Base_Start_IT  stm32f4xx_hal_tim.o
    0x080015fc   0x080015fc   0x00000002   Code   RO          772    .text.HAL_TIM_IC_CaptureCallback  stm32f4xx_hal_tim.o
    0x080015fe   0x080015fe   0x00000002   PAD
    0x08001600   0x08001600   0x0000016a   Code   RO          770    .text.HAL_TIM_IRQHandler  stm32f4xx_hal_tim.o
    0x0800176a   0x0800176a   0x00000002   PAD
    0x0800176c   0x0800176c   0x00000002   Code   RO          774    .text.HAL_TIM_OC_DelayElapsedCallback  stm32f4xx_hal_tim.o
    0x0800176e   0x0800176e   0x00000002   PAD
    0x08001770   0x08001770   0x00000214   Code   RO          790    .text.HAL_TIM_PWM_ConfigChannel  stm32f4xx_hal_tim.o
    0x08001984   0x08001984   0x0000005a   Code   RO          690    .text.HAL_TIM_PWM_Init  stm32f4xx_hal_tim.o
    0x080019de   0x080019de   0x00000002   PAD
    0x080019e0   0x080019e0   0x000000c8   Code   RO         1358    .text.HAL_TIM_PWM_MspInit  gtim.o
    0x08001aa8   0x08001aa8   0x00000002   Code   RO          776    .text.HAL_TIM_PWM_PulseFinishedCallback  stm32f4xx_hal_tim.o
    0x08001aaa   0x08001aaa   0x00000002   PAD
    0x08001aac   0x08001aac   0x00000122   Code   RO          698    .text.HAL_TIM_PWM_Start  stm32f4xx_hal_tim.o
    0x08001bce   0x08001bce   0x00000002   PAD
    0x08001bd0   0x08001bd0   0x000000c8   Code   RO         1538    .text.HAL_TIM_PeriodElapsedCallback  btim.o
    0x08001c98   0x08001c98   0x00000002   Code   RO          780    .text.HAL_TIM_TriggerCallback  stm32f4xx_hal_tim.o
    0x08001c9a   0x08001c9a   0x00000002   PAD
    0x08001c9c   0x08001c9c   0x00000002   Code   RO          586    .text.HAL_UARTEx_RxEventCallback  stm32f4xx_hal_uart.o
    0x08001c9e   0x08001c9e   0x00000002   PAD
    0x08001ca0   0x08001ca0   0x00000002   Code   RO          584    .text.HAL_UART_ErrorCallback  stm32f4xx_hal_uart.o
    0x08001ca2   0x08001ca2   0x00000002   PAD
    0x08001ca4   0x08001ca4   0x00000264   Code   RO          578    .text.HAL_UART_IRQHandler  stm32f4xx_hal_uart.o
    0x08001f08   0x08001f08   0x0000005e   Code   RO          502    .text.HAL_UART_Init  stm32f4xx_hal_uart.o
    0x08001f66   0x08001f66   0x00000002   PAD
    0x08001f68   0x08001f68   0x000000a0   Code   RO          113    .text.HAL_UART_MspInit  usart.o
    0x08002008   0x08002008   0x00000056   Code   RO          524    .text.HAL_UART_Receive_IT  stm32f4xx_hal_uart.o
    0x0800205e   0x0800205e   0x00000002   PAD
    0x08002060   0x08002060   0x00000080   Code   RO          115    .text.HAL_UART_RxCpltCallback  usart.o
    0x080020e0   0x080020e0   0x00000002   Code   RO          588    .text.HAL_UART_TxCpltCallback  stm32f4xx_hal_uart.o
    0x080020e2   0x080020e2   0x00000002   PAD
    0x080020e4   0x080020e4   0x00000002   Code   RO           22    .text.HardFault_Handler  stm32f4xx_it.o
    0x080020e6   0x080020e6   0x00000002   PAD
    0x080020e8   0x080020e8   0x00000002   Code   RO           24    .text.MemManage_Handler  stm32f4xx_it.o
    0x080020ea   0x080020ea   0x00000002   PAD
    0x080020ec   0x080020ec   0x00000002   Code   RO           20    .text.NMI_Handler   stm32f4xx_it.o
    0x080020ee   0x080020ee   0x00000002   PAD
    0x080020f0   0x080020f0   0x00000002   Code   RO           34    .text.PendSV_Handler  stm32f4xx_it.o
    0x080020f2   0x080020f2   0x00000002   PAD
    0x080020f4   0x080020f4   0x00000002   Code   RO           30    .text.SVC_Handler   stm32f4xx_it.o
    0x080020f6   0x080020f6   0x00000002   PAD
    0x080020f8   0x080020f8   0x00000004   Code   RO           36    .text.SysTick_Handler  stm32f4xx_it.o
    0x080020fc   0x080020fc   0x00000012   Code   RO           45    .text.SystemInit    system_stm32f4xx.o
    0x0800210e   0x0800210e   0x00000002   PAD
    0x08002110   0x08002110   0x0000000c   Code   RO         1536    .text.TIM6_DAC_IRQHandler  btim.o
    0x0800211c   0x0800211c   0x00000124   Code   RO          640    .text.TIM_Base_SetConfig  stm32f4xx_hal_tim.o
    0x08002240   0x08002240   0x0000000c   Code   RO          582    .text.UART_DMAAbortOnError  stm32f4xx_hal_uart.o
    0x0800224c   0x0800224c   0x0000009e   Code   RO          580    .text.UART_Receive_IT  stm32f4xx_hal_uart.o
    0x080022ea   0x080022ea   0x00000002   PAD
    0x080022ec   0x080022ec   0x000000e8   Code   RO          506    .text.UART_SetConfig  stm32f4xx_hal_uart.o
    0x080023d4   0x080023d4   0x0000000c   Code   RO          117    .text.USART1_IRQHandler  usart.o
    0x080023e0   0x080023e0   0x00000002   Code   RO           28    .text.UsageFault_Handler  stm32f4xx_it.o
    0x080023e2   0x080023e2   0x00000002   PAD
    0x080023e4   0x080023e4   0x00000088   Code   RO         1474    .text.User_I2C_Init  newiic.o
    0x0800246c   0x0800246c   0x00000060   Code   RO         1402    .text.WT_read       wt.o
    0x080024cc   0x080024cc   0x00000002   Code   RO          105    .text._sys_exit     usart.o
    0x080024ce   0x080024ce   0x00000002   PAD
    0x080024d0   0x080024d0   0x00000064   Code   RO         1519    .text.adc_get_result_average  adc.o
    0x08002534   0x08002534   0x0000003c   Code   RO         1511    .text.adc_init      adc.o
    0x08002570   0x08002570   0x0000003c   Code   RO         1379    .text.back          control.o
    0x080025ac   0x080025ac   0x0000002c   Code   RO         1532    .text.btim_timx_int_init  btim.o
    0x080025d8   0x080025d8   0x000000a8   Code   RO         1377    .text.control_go_init  control.o
    0x08002680   0x08002680   0x00000076   Code   RO         1373    .text.control_init  control.o
    0x080026f6   0x080026f6   0x00000002   PAD
    0x080026f8   0x080026f8   0x0000000c   Code   RO           60    .text.delay_init    delay.o
    0x08002704   0x08002704   0x00000042   Code   RO           64    .text.delay_ms      delay.o
    0x08002746   0x08002746   0x00000002   PAD
    0x08002748   0x08002748   0x0000003a   Code   RO           62    .text.delay_us      delay.o
    0x08002782   0x08002782   0x00000002   PAD
    0x08002784   0x08002784   0x0000006a   Code   RO         1391    .text.direction_sketch  control.o
    0x080027ee   0x080027ee   0x00000002   PAD
    0x080027f0   0x080027f0   0x00000014   Code   RO          109    .text.fputc         usart.o
    0x08002804   0x08002804   0x0000003c   Code   RO         1381    .text.front         control.o
    0x08002840   0x08002840   0x000000ce   Code   RO         1387    .text.gpio_stop_init  control.o
    0x0800290e   0x0800290e   0x00000002   PAD
    0x08002910   0x08002910   0x00000052   Code   RO         1356    .text.gtim_timx_pwm_chy_init  gtim.o
    0x08002962   0x08002962   0x00000002   PAD
    0x08002964   0x08002964   0x00000164   Code   RO         1412    .text.iic_init      myiic.o
    0x08002ac8   0x08002ac8   0x000000c6   Code   RO         1430    .text.iic_read_byte  myiic.o
    0x08002b8e   0x08002b8e   0x00000002   PAD
    0x08002b90   0x08002b90   0x0000005a   Code   RO         1428    .text.iic_send_byte  myiic.o
    0x08002bea   0x08002bea   0x00000002   PAD
    0x08002bec   0x08002bec   0x0000004c   Code   RO         1420    .text.iic_start     myiic.o
    0x08002c38   0x08002c38   0x00000040   Code   RO         1414    .text.iic_stop      myiic.o
    0x08002c78   0x08002c78   0x0000008c   Code   RO         1422    .text.iic_wait_ack  myiic.o
    0x08002d04   0x08002d04   0x0000009c   Code   RO         1432    .text.iic_write_command  myiic.o
    0x08002da0   0x08002da0   0x0000009c   Code   RO         1434    .text.iic_write_data  myiic.o
    0x08002e3c   0x08002e3c   0x00000074   Code   RO         1375    .text.input_init    control.o
    0x08002eb0   0x08002eb0   0x0000003c   Code   RO         1385    .text.left          control.o
    0x08002eec   0x08002eec   0x00000004   PAD
    0x08002ef0   0x08002ef0   0x000001d4   Code   RO           11    .text.main          main.o
    0x080030c4   0x080030c4   0x0000003c   Code   RO         1383    .text.right         control.o
    0x08003100   0x08003100   0x000000cc   Code   RO           93    .text.sys_stm32_clock_init  sys.o
    0x080031cc   0x080031cc   0x0000003c   Code   RO         1389    .text.un_stop       control.o
    0x08003208   0x08003208   0x0000003e   Code   RO          111    .text.usart_init    usart.o
    0x08003246   0x08003246   0x00000002   PAD
    0x08003248   0x08003248   0x00000062   Code   RO         1601    x$fpl$d2f           fz_wm.l(d2f.o)
    0x080032aa   0x080032aa   0x00000002   PAD
    0x080032ac   0x080032ac   0x0000005e   Code   RO         1603    x$fpl$dfix          fz_wm.l(dfix.o)
    0x0800330a   0x0800330a   0x0000002e   Code   RO         1608    x$fpl$dflt          fz_wm.l(dflt_clz.o)
    0x08003338   0x08003338   0x00000026   Code   RO         1607    x$fpl$dfltu         fz_wm.l(dflt_clz.o)
    0x0800335e   0x0800335e   0x00000002   PAD
    0x08003360   0x08003360   0x00000154   Code   RO         1613    x$fpl$dmul          fz_wm.l(dmul.o)
    0x080034b4   0x080034b4   0x0000009c   Code   RO         1627    x$fpl$dnaninf       fz_wm.l(dnaninf.o)
    0x08003550   0x08003550   0x0000000c   Code   RO         1629    x$fpl$dretinf       fz_wm.l(dretinf.o)
    0x0800355c   0x0800355c   0x0000001a   Code   RO         1744    x$fpl$fpinit        fz_wm.l(fpinit.o)
    0x08003576   0x08003576   0x0000000a   Code   RO         1631    x$fpl$fretinf       fz_wm.l(fretinf.o)
    0x08003580   0x08003580   0x00000000   Code   RO         1633    x$fpl$usenofp       fz_wm.l(usenofp.o)
    0x08003580   0x08003580   0x00000010   Data   RO           50    .rodata.AHBPrescTable  system_stm32f4xx.o
    0x08003590   0x08003590   0x00000008   Data   RO           51    .rodata.APBPrescTable  system_stm32f4xx.o
    0x08003598   0x08003598   0x00000020   Data   RO         1794    Region$$Table       anon$$obj.o


    Execution Region RW_IRAM1 (Exec base: 0x20000000, Load base: 0x080035b8, Size: 0x000006e0, Max: 0x00020000, ABSOLUTE)

    Exec Addr    Load Addr    Size         Type   Attr      Idx    E Section Name        Object

    0x20000000   0x080035b8   0x00000004   Data   RW           13    .ARM.use_no_argv    main.o
    0x20000004   0x080035bc   0x00000004   Data   RW           49    .data.SystemCoreClock  system_stm32f4xx.o
    0x20000008   0x080035c0   0x00000001   Data   RW          187    .data.uwTickFreq    stm32f4xx_hal.o
    0x20000009   0x080035c1   0x00000003   PAD
    0x2000000c   0x080035c4   0x00000004   Data   RW          186    .data.uwTickPrio    stm32f4xx_hal.o
    0x20000010        -       0x00000060   Zero   RW         1674    .bss                c_w.l(libspace.o)
    0x20000070        -       0x0000000a   Zero   RW         1546    .bss.S              btim.o
    0x2000007a   0x080035c8   0x00000002   PAD
    0x2000007c        -       0x00000054   Zero   RW          123    .bss.__stdout       usart.o
    0x200000d0        -       0x00000002   Zero   RW         1521    .bss.adcx           adc.o
    0x200000d2   0x080035c8   0x00000002   PAD
    0x200000d4        -       0x00000048   Zero   RW         1523    .bss.g_adc_handle   adc.o
    0x2000011c        -       0x00000004   Zero   RW           68    .bss.g_fac_us       delay.o
    0x20000120        -       0x00000001   Zero   RW          121    .bss.g_rx_buffer    usart.o
    0x20000121   0x080035c8   0x00000003   PAD
    0x20000124        -       0x00000048   Zero   RW         1543    .bss.g_timx_handler  btim.o
    0x2000016c        -       0x00000048   Zero   RW         1362    .bss.g_timx_pwm_chy_handle  gtim.o
    0x200001b4        -       0x00000044   Zero   RW          120    .bss.g_uart1_handle  usart.o
    0x200001f8        -       0x000000c8   Zero   RW          122    .bss.g_usart_rx_buf  usart.o
    0x200002c0        -       0x00000002   Zero   RW          119    .bss.g_usart_rx_sta  usart.o
    0x200002c2        -       0x00000002   Zero   RW         1542    .bss.pitchss        btim.o
    0x200002c4        -       0x00000002   Zero   RW         1541    .bss.rollss         btim.o
    0x200002c6   0x080035c8   0x00000002   PAD
    0x200002c8        -       0x00000004   Zero   RW         1550    .bss.temp3          btim.o
    0x200002cc        -       0x00000004   Zero   RW         1551    .bss.temp4          btim.o
    0x200002d0        -       0x00000004   Zero   RW         1545    .bss.temp5          btim.o
    0x200002d4        -       0x00000004   Zero   RW          188    .bss.uwTick         stm32f4xx_hal.o
    0x200002d8        -       0x00000002   Zero   RW         1547    .bss.yawss          btim.o
    0x200002da   0x080035c8   0x00000006   PAD
    0x200002e0        -       0x00000000   Zero   RW            2    HEAP                startup_stm32f407xx.o
    0x200002e0        -       0x00000400   Zero   RW            1    STACK               startup_stm32f407xx.o


==============================================================================

Image component sizes


      Code (inc. data)   RO Data    RW Data    ZI Data      Debug   Object Name

       262          0          0          0         74       6418   adc.o
       328         16          0          0        100       7798   btim.o
      1014          0          0          0          0       3698   control.o
       202          0          0          0          4       2495   delay.o
       282          0          0          0         72       6037   gtim.o
       468         20          0          4          0       1474   main.o
      1236          0          0          0          0      14716   myiic.o
       136          0          0          0          0       7065   newiic.o
        76         28        392          0       1024        984   startup_stm32f407xx.o
       180          0          0          5          4       7306   stm32f4xx_hal.o
      1090          0          0          0          0      11300   stm32f4xx_hal_adc.o
       194          0          0          0          0      10476   stm32f4xx_hal_cortex.o
       174          0          0          0          0       9818   stm32f4xx_hal_dma.o
       428          0          0          0          0       5061   stm32f4xx_hal_gpio.o
      1386          0          0          0          0       7364   stm32f4xx_hal_rcc.o
      1832          4          0          0          0      53760   stm32f4xx_hal_tim.o
         4          0          0          0          0      20554   stm32f4xx_hal_tim_ex.o
      1200          0          0          0          0      22432   stm32f4xx_hal_uart.o
        20          0          0          0          0       1140   stm32f4xx_it.o
       204          0          0          0          0       4681   sys.o
        18          0         24          4          0       2739   system_stm32f4xx.o
       384          0          0          0        355       8021   usart.o
        96          0          0          0          0       1442   wt.o

    ----------------------------------------------------------------------
     11320         68        448         16       1648     216779   Object Totals
         0          0         32          0          0          0   (incl. Generated)
       106          0          0          3         15          0   (incl. Padding)

    ----------------------------------------------------------------------

      Code (inc. data)   RO Data    RW Data    ZI Data      Debug   Library Member Name

         8          0          0          0          0         68   __main.o
       104          0          0          0          0         84   __printf.o
         0          0          0          0          0          0   __rtentry.o
        12          0          0          0          0          0   __rtentry2.o
         6          0          0          0          0          0   __rtentry4.o
        94          8          0          0          0          0   __scatter.o
        26          0          0          0          0          0   __scatter_copy.o
        28          0          0          0          0          0   __scatter_zi.o
        48          6          0          0          0         96   _printf_char_common.o
        36          4          0          0          0         80   _printf_char_file.o
         6          0          0          0          0          0   _printf_d.o
       120         16          0          0          0         92   _printf_dec.o
       178          0          0          0          0         88   _printf_intcommon.o
         0          0          0          0          0          0   _printf_percent.o
         4          0          0          0          0          0   _printf_percent_end.o
        18          0          0          0          0         80   exit.o
         8          0          0          0          0         68   ferror.o
         6          0          0          0          0        152   heapauxi.o
         2          0          0          0          0          0   libinit.o
         6          0          0          0          0          0   libinit2.o
         2          0          0          0          0          0   libshutdown.o
         2          0          0          0          0          0   libshutdown2.o
         8          4          0          0         96         68   libspace.o
       240          0          0          0          0        100   lludivv7m.o
        24          4          0          0          0         84   noretval__2printf.o
        78          0          0          0          0         80   rt_memclr_w.o
         2          0          0          0          0          0   rtexit.o
        10          0          0          0          0          0   rtexit2.o
        74          0          0          0          0         80   sys_stackheap_outer.o
         2          0          0          0          0         68   use_no_semi.o
         2          0          0          0          0         68   use_no_semi_2.o
        98          4          0          0          0        140   d2f.o
        94          4          0          0          0        140   dfix.o
        84          0          0          0          0        232   dflt_clz.o
       340         12          0          0          0        152   dmul.o
       156          4          0          0          0        140   dnaninf.o
        12          0          0          0          0        116   dretinf.o
        26          0          0          0          0        116   fpinit.o
        10          0          0          0          0        116   fretinf.o
         0          0          0          0          0          0   usenofp.o

    ----------------------------------------------------------------------
      1984         66          0          0         96       2508   Library Totals
        10          0          0          0          0          0   (incl. Padding)

    ----------------------------------------------------------------------

      Code (inc. data)   RO Data    RW Data    ZI Data      Debug   Library Name

      1154         42          0          0         96       1356   c_w.l
       820         24          0          0          0       1152   fz_wm.l

    ----------------------------------------------------------------------
      1984         66          0          0         96       2508   Library Totals

    ----------------------------------------------------------------------

==============================================================================


      Code (inc. data)   RO Data    RW Data    ZI Data      Debug   

     13304        134        448         16       1744     217511   Grand Totals
     13304        134        448         16       1744     217511   ELF Image Totals
     13304        134        448         16          0          0   ROM Totals

==============================================================================

    Total RO  Size (Code + RO Data)                13752 (  13.43kB)
    Total RW  Size (RW Data + ZI Data)              1760 (   1.72kB)
    Total ROM Size (Code + RO Data + RW Data)      13768 (  13.45kB)

==============================================================================

